Component: ARM Compiler 5.06 update 7 (build 960) Tool: armlink [4d3601]

==============================================================================

Section Cross References

    startup_stm32f446xx.o(STACK) refers (Special) to heapauxi.o(.text) for __use_two_region_memory
    startup_stm32f446xx.o(HEAP) refers (Special) to heapauxi.o(.text) for __use_two_region_memory
    startup_stm32f446xx.o(RESET) refers (Special) to heapauxi.o(.text) for __use_two_region_memory
    startup_stm32f446xx.o(RESET) refers to startup_stm32f446xx.o(STACK) for __initial_sp
    startup_stm32f446xx.o(RESET) refers to startup_stm32f446xx.o(.text) for Reset_Handler
    startup_stm32f446xx.o(RESET) refers to stm32f4xx_it.o(i.NMI_Handler) for NMI_Handler
    startup_stm32f446xx.o(RESET) refers to stm32f4xx_it.o(i.HardFault_Handler) for HardFault_Handler
    startup_stm32f446xx.o(RESET) refers to stm32f4xx_it.o(i.MemManage_Handler) for MemManage_Handler
    startup_stm32f446xx.o(RESET) refers to stm32f4xx_it.o(i.BusFault_Handler) for BusFault_Handler
    startup_stm32f446xx.o(RESET) refers to stm32f4xx_it.o(i.UsageFault_Handler) for UsageFault_Handler
    startup_stm32f446xx.o(RESET) refers to stm32f4xx_it.o(i.SVC_Handler) for SVC_Handler
    startup_stm32f446xx.o(RESET) refers to stm32f4xx_it.o(i.DebugMon_Handler) for DebugMon_Handler
    startup_stm32f446xx.o(RESET) refers to stm32f4xx_it.o(i.PendSV_Handler) for PendSV_Handler
    startup_stm32f446xx.o(RESET) refers to stm32f4xx_it.o(i.SysTick_Handler) for SysTick_Handler
    startup_stm32f446xx.o(RESET) refers to stm32f4xx_it.o(i.USART1_IRQHandler) for USART1_IRQHandler
    startup_stm32f446xx.o(RESET) refers to stm32f4xx_it.o(i.DMA2_Stream1_IRQHandler) for DMA2_Stream1_IRQHandler
    startup_stm32f446xx.o(RESET) refers to stm32f4xx_it.o(i.DMA2_Stream2_IRQHandler) for DMA2_Stream2_IRQHandler
    startup_stm32f446xx.o(RESET) refers to stm32f4xx_it.o(i.DMA2_Stream6_IRQHandler) for DMA2_Stream6_IRQHandler
    startup_stm32f446xx.o(RESET) refers to stm32f4xx_it.o(i.DMA2_Stream7_IRQHandler) for DMA2_Stream7_IRQHandler
    startup_stm32f446xx.o(.text) refers (Special) to heapauxi.o(.text) for __use_two_region_memory
    startup_stm32f446xx.o(.text) refers to system_stm32f4xx.o(i.SystemInit) for SystemInit
    startup_stm32f446xx.o(.text) refers to __main.o(!!!main) for __main
    startup_stm32f446xx.o(.text) refers to startup_stm32f446xx.o(HEAP) for Heap_Mem
    startup_stm32f446xx.o(.text) refers to startup_stm32f446xx.o(STACK) for Stack_Mem
    main.o(i.Calculate_Angles) refers to stm32f4xx_hal.o(i.HAL_GetTick) for HAL_GetTick
    main.o(i.Calculate_Angles) refers to sqrtf.o(i.__hardfp_sqrtf) for __hardfp_sqrtf
    main.o(i.Calculate_Angles) refers to atan2f.o(i.__hardfp_atan2f) for __hardfp_atan2f
    main.o(i.Calculate_Angles) refers to f2d.o(x$fpl$f2d) for __aeabi_f2d
    main.o(i.Calculate_Angles) refers to ddiv.o(x$fpl$ddiv) for __aeabi_ddiv
    main.o(i.Calculate_Angles) refers to d2f.o(x$fpl$d2f) for __aeabi_d2f
    main.o(i.Calculate_Angles) refers to fmodf.o(i.__hardfp_fmodf) for __hardfp_fmodf
    main.o(i.Calculate_Angles) refers to main.o(.data) for .data
    main.o(i.ControlMotor) refers to tim.o(.bss) for htim3
    main.o(i.ControlMotor) refers to main.o(.data) for .data
    main.o(i.HAL_UART_RxCpltCallback) refers to _printf_percent.o(.ARM.Collect$$_printf_percent$$00000000) for _printf_percent
    main.o(i.HAL_UART_RxCpltCallback) refers to _printf_f.o(.ARM.Collect$$_printf_percent$$00000003) for _printf_f
    main.o(i.HAL_UART_RxCpltCallback) refers to printf1.o(x$fpl$printf1) for _printf_fp_dec
    main.o(i.HAL_UART_RxCpltCallback) refers to safety.o(i.Safety_FeedWatchdog) for Safety_FeedWatchdog
    main.o(i.HAL_UART_RxCpltCallback) refers to comm_protocol.o(i.Comm_ProcessByte) for Comm_ProcessByte
    main.o(i.HAL_UART_RxCpltCallback) refers to pose_controller.o(i.PoseController_SetTarget) for PoseController_SetTarget
    main.o(i.HAL_UART_RxCpltCallback) refers to pose_controller.o(i.PoseController_Enable) for PoseController_Enable
    main.o(i.HAL_UART_RxCpltCallback) refers to comm_protocol.o(i.Comm_SendAck) for Comm_SendAck
    main.o(i.HAL_UART_RxCpltCallback) refers to f2d.o(x$fpl$f2d) for __aeabi_f2d
    main.o(i.HAL_UART_RxCpltCallback) refers to __2snprintf.o(.text) for __2snprintf
    main.o(i.HAL_UART_RxCpltCallback) refers to strlen.o(.text) for strlen
    main.o(i.HAL_UART_RxCpltCallback) refers to stm32f4xx_hal_uart.o(i.HAL_UART_Transmit) for HAL_UART_Transmit
    main.o(i.HAL_UART_RxCpltCallback) refers to main.o(i.ControlMotor) for ControlMotor
    main.o(i.HAL_UART_RxCpltCallback) refers to stm32f4xx_hal_uart.o(i.HAL_UART_Receive_IT) for HAL_UART_Receive_IT
    main.o(i.HAL_UART_RxCpltCallback) refers to stm32f4xx_hal_uart.o(i.HAL_UART_Receive_DMA) for HAL_UART_Receive_DMA
    main.o(i.HAL_UART_RxCpltCallback) refers to usart.o(.bss) for huart1
    main.o(i.HAL_UART_RxCpltCallback) refers to main.o(.data) for .data
[...]
    .data                                    0x20000114   Section       12  stm32f4xx_hal.o(.data)
    .data                                    0x20000120   Section        4  system_stm32f4xx.o(.data)
    .bss                                     0x20000124   Section      748  main.o(.bss)
    .bss                                     0x20000410   Section       72  adc.o(.bss)
    .bss                                     0x20000458   Section       84  i2c.o(.bss)
    .bss                                     0x200004ac   Section      216  tim.o(.bss)
    .bss                                     0x20000584   Section      528  usart.o(.bss)
    .bss                                     0x20000794   Section       16  odometry.o(.bss)
    g_odom_config                            0x20000794   Data          16  odometry.o(.bss)
    .bss                                     0x200007a4   Section       40  pose_controller.o(.bss)
    g_config                                 0x200007a4   Data          40  pose_controller.o(.bss)
    .bss                                     0x200007cc   Section       20  safety.o(.bss)
    g_safety_config                          0x200007cc   Data          20  safety.o(.bss)
    .bss                                     0x200007e0   Section       96  libspace.o(.bss)
    HEAP                                     0x20000840   Section      512  startup_stm32f446xx.o(HEAP)
    Heap_Mem                                 0x20000840   Data         512  startup_stm32f446xx.o(HEAP)
    STACK                                    0x20000a40   Section     1024  startup_stm32f446xx.o(STACK)
    Stack_Mem                                0x20000a40   Data        1024  startup_stm32f446xx.o(STACK)
    __initial_sp                             0x20000e40   Data           0  startup_stm32f446xx.o(STACK)

    Global Symbols

    Symbol Name                              Value     Ov Type        Size  Object(Section)

    BuildAttributes$$THM_ISAv4$E$P$D$K$B$S$7EM$VFPi3$EXTD16$VFPS$VFMA$PE$A:L22UL41UL21$X:L11$S22US41US21$IEEE1$IW$USESV6$~STKCKD$USESV7$~SHL$OTIME$ROPI$IEEEX$EBA8$UX$STANDARDLIB$REQ8$PRES8$EABIv2 0x00000000   Number         0  anon$$obj.o ABSOLUTE
    __ARM_use_no_argv                        0x00000000   Number         0  main.o ABSOLUTE
    _printf_flags                            0x00000000   Number         0  printf_stubs.o ABSOLUTE
    _printf_return_value                     0x00000000   Number         0  printf_stubs.o ABSOLUTE
    _printf_sizespec                         0x00000000   Number         0  printf_stubs.o ABSOLUTE
    _printf_widthprec                        0x00000000   Number         0  printf_stubs.o ABSOLUTE
    __ARM_exceptions_init                     - Undefined Weak Reference
    __alloca_initialize                       - Undefined Weak Reference
    __arm_fini_                               - Undefined Weak Reference
    __arm_preinit_                            - Undefined Weak Reference
    __cpp_initialize__aeabi_                  - Undefined Weak Reference
    __cxa_finalize                            - Undefined Weak Reference
    __sigvec_lookup                           - Undefined Weak Reference
    _atexit_init                              - Undefined Weak Reference
    _call_atexit_fns                          - Undefined Weak Reference
    _clock_init                               - Undefined Weak Reference
    _fp_trap_init                             - Undefined Weak Reference
    _fp_trap_shutdown                         - Undefined Weak Reference
    _get_lc_collate                           - Undefined Weak Reference
    _get_lc_ctype                             - Undefined Weak Reference
    _get_lc_monetary                          - Undefined Weak Reference
    _get_lc_time                              - Undefined Weak Reference
    _getenv_init                              - Undefined Weak Reference
    _handle_redirection                       - Undefined Weak Reference
    _init_alloc                               - Undefined Weak Reference
    _init_user_alloc                          - Undefined Weak Reference
    _initio                                   - Undefined Weak Reference
    _printf_truncate_signed                   - Undefined Weak Reference
    _printf_truncate_unsigned                 - Undefined Weak Reference
    _rand_init                                - Undefined Weak Reference
    _signal_finish                            - Undefined Weak Reference
    _signal_init                              - Undefined Weak Reference
    _terminate_alloc                          - Undefined Weak Reference
    _terminate_user_alloc                     - Undefined Weak Reference
    _terminateio                              - Undefined Weak Reference
    __Vectors_Size                           0x000001c4   Number         0  startup_stm32f446xx.o ABSOLUTE
    __Vectors                                0x08000000   Data           4  startup_stm32f446xx.o(RESET)
    __Vectors_End                            0x080001c4   Data           0  startup_stm32f446xx.o(RESET)
    __main                                   0x080001c5   Thumb Code     8  __main.o(!!!main)
    __scatterload                            0x080001cd   Thumb Code     0  __scatter.o(!!!scatter)
    __scatterload_rt2                        0x080001cd   Thumb Code    44  __scatter.o(!!!scatter)
    __scatterload_rt2_thumb_only             0x080001cd   Thumb Code     0  __scatter.o(!!!scatter)
    __scatterload_null                       0x080001db   Thumb Code     0  __scatter.o(!!!scatter)
    __scatterload_copy                       0x08000201   Thumb Code    26  __scatter_copy.o(!!handler_copy)
    __scatterload_zeroinit                   0x0800021d   Thumb Code    28  __scatter_zi.o(!!handler_zi)
    _printf_f                                0x08000239   Thumb Code     0  _printf_f.o(.ARM.Collect$$_printf_percent$$00000003)
    _printf_percent                          0x08000239   Thumb Code     0  _printf_percent.o(.ARM.Collect$$_printf_percent$$00000000)
    _printf_d                                0x0800023f   Thumb Code     0  _printf_d.o(.ARM.Collect$$_printf_percent$$00000009)
    _printf_u                                0x08000245   Thumb Code     0  _printf_u.o(.ARM.Collect$$_printf_percent$$0000000A)
    _printf_x                                0x0800024b   Thumb Code     0  _printf_x.o(.ARM.Collect$$_printf_percent$$0000000C)
    _printf_percent_end                      0x08000251   Thumb Code     0  _printf_percent_end.o(.ARM.Collect$$_printf_percent$$00000017)
    __rt_lib_init                            0x08000255   Thumb Code     0  libinit.o(.ARM.Collect$$libinit$$00000000)
    __rt_lib_init_fp_1                       0x08000257   Thumb Code     0  libinit2.o(.ARM.Collect$$libinit$$00000001)
    __rt_lib_init_heap_1                     0x0800025b   Thumb Code     0  libinit2.o(.ARM.Collect$$libinit$$0000000A)
    __rt_lib_init_lc_common                  0x0800025b   Thumb Code     0  libinit2.o(.ARM.Collect$$libinit$$0000000F)
    __rt_lib_init_preinit_1                  0x0800025b   Thumb Code     0  libinit2.o(.ARM.Collect$$libinit$$00000004)
    __rt_lib_init_rand_1                     0x0800025b   Thumb Code     0  libinit2.o(.ARM.Collect$$libinit$$0000000E)
    __rt_lib_init_user_alloc_1               0x0800025b   Thumb Code     0  libinit2.o(.ARM.Collect$$libinit$$0000000C)
    __rt_lib_init_lc_collate_1               0x08000261   Thumb Code     0  libinit2.o(.ARM.Collect$$libinit$$00000011)
    __rt_lib_init_lc_ctype_1                 0x08000261   Thumb Code     0  libinit2.o(.ARM.Collect$$libinit$$00000013)
    __rt_lib_init_lc_monetary_1              0x08000261   Thumb Code     0  libinit2.o(.ARM.Collect$$libinit$$00000015)
    __rt_lib_init_lc_numeric_2               0x08000261   Thumb Code     0  libinit2.o(.ARM.Collect$$libinit$$00000016)
    __rt_lib_init_alloca_1                   0x0800026b   Thumb Code     0  libinit2.o(.ARM.Collect$$libinit$$0000002E)
    __rt_lib_init_argv_1                     0x0800026b   Thumb Code     0  libinit2.o(.ARM.Collect$$libinit$$0000002C)
    __rt_lib_init_atexit_1                   0x0800026b   Thumb Code     0  libinit2.o(.ARM.Collect$$libinit$$0000001B)
    __rt_lib_init_clock_1                    0x0800026b   Thumb Code     0  libinit2.o(.ARM.Collect$$libinit$$00000021)
    __rt_lib_init_cpp_1                      0x0800026b   Thumb Code     0  libinit2.o(.ARM.Collect$$libinit$$00000032)
    __rt_lib_init_exceptions_1               0x0800026b   Thumb Code     0  libinit2.o(.ARM.Collect$$libinit$$00000030)
    __rt_lib_init_fp_trap_1                  0x0800026b   Thumb Code     0  libinit2.o(.ARM.Collect$$libinit$$0000001F)
    __rt_lib_init_getenv_1                   0x0800026b   Thumb Code     0  libinit2.o(.ARM.Collect$$libinit$$00000023)
    __rt_lib_init_lc_numeric_1               0x0800026b   Thumb Code     0  libinit2.o(.ARM.Collect$$libinit$$00000017)
    __rt_lib_init_lc_time_1                  0x0800026b   Thumb Code     0  libinit2.o(.ARM.Collect$$libinit$$00000019)
    __rt_lib_init_return                     0x0800026b   Thumb Code     0  libinit2.o(.ARM.Collect$$libinit$$00000033)
    __rt_lib_init_signal_1                   0x0800026b   Thumb Code     0  libinit2.o(.ARM.Collect$$libinit$$0000001D)
    __rt_lib_init_stdio_1                    0x0800026b   Thumb Code     0  libinit2.o(.ARM.Collect$$libinit$$00000025)
    __rt_lib_shutdown                        0x0800026d   Thumb Code     0  libshutdown.o(.ARM.Collect$$libshutdown$$00000000)
    __rt_lib_shutdown_cpp_1                  0x0800026f   Thumb Code     0  libshutdown2.o(.ARM.Collect$$libshutdown$$00000004)
    __rt_lib_shutdown_fini_1                 0x0800026f   Thumb Code     0  libshutdown2.o(.ARM.Collect$$libshutdown$$00000002)
    __rt_lib_shutdown_fp_trap_1              0x0800026f   Thumb Code     0  libshutdown2.o(.ARM.Collect$$libshutdown$$00000009)
    __rt_lib_shutdown_heap_1                 0x0800026f   Thumb Code     0  libshutdown2.o(.ARM.Collect$$libshutdown$$00000011)
    __rt_lib_shutdown_return                 0x0800026f   Thumb Code     0  libshutdown2.o(.ARM.Collect$$libshutdown$$00000012)
    __rt_lib_shutdown_signal_1               0x0800026f   Thumb Code     0  libshutdown2.o(.ARM.Collect$$libshutdown$$0000000C)
    __rt_lib_shutdown_stdio_1                0x0800026f   Thumb Code     0  libshutdown2.o(.ARM.Collect$$libshutdown$$00000006)
    __rt_lib_shutdown_user_alloc_1           0x0800026f   Thumb Code     0  libshutdown2.o(.ARM.Collect$$libshutdown$$0000000E)
    __rt_entry                               0x08000271   Thumb Code     0  __rtentry.o(.ARM.Collect$$rtentry$$00000000)
    __rt_entry_presh_1                       0x08000271   Thumb Code     0  __rtentry2.o(.ARM.Collect$$rtentry$$00000002)
    __rt_entry_sh                            0x08000271   Thumb Code     0  __rtentry4.o(.ARM.Collect$$rtentry$$00000004)
    __rt_entry_li                            0x08000277   Thumb Code     0  __rtentry2.o(.ARM.Collect$$rtentry$$0000000A)
    __rt_entry_postsh_1                      0x08000277   Thumb Code     0  __rtentry2.o(.ARM.Collect$$rtentry$$00000009)
    __rt_entry_main                          0x0800027b   Thumb Code     0  __rtentry2.o(.ARM.Collect$$rtentry$$0000000D)
    __rt_entry_postli_1                      0x0800027b   Thumb Code     0  __rtentry2.o(.ARM.Collect$$rtentry$$0000000C)
    __rt_exit                                0x08000283   Thumb Code     0  rtexit.o(.ARM.Collect$$rtexit$$00000000)
    __rt_exit_ls                             0x08000285   Thumb Code     0  rtexit2.o(.ARM.Collect$$rtexit$$00000003)
    __rt_exit_prels_1                        0x08000285   Thumb Code     0  rtexit2.o(.ARM.Collect$$rtexit$$00000002)
    __rt_exit_exit                           0x08000289   Thumb Code     0  rtexit2.o(.ARM.Collect$$rtexit$$00000004)
    Reset_Handler                            0x08000291   Thumb Code     8  startup_stm32f446xx.o(.text)
    ADC_IRQHandler                           0x080002ab   Thumb Code     0  startup_stm32f446xx.o(.text)
    CAN1_RX0_IRQHandler                      0x080002ab   Thumb Code     0  startup_stm32f446xx.o(.text)
    CAN1_RX1_IRQHandler                      0x080002ab   Thumb Code     0  startup_stm32f446xx.o(.text)
    CAN1_SCE_IRQHandler                      0x080002ab   Thumb Code     0  startup_stm32f446xx.o(.text)
    CAN1_TX_IRQHandler                       0x080002ab   Thumb Code     0  startup_stm32f446xx.o(.text)
    CAN2_RX0_IRQHandler                      0x080002ab   Thumb Code     0  startup_stm32f446xx.o(.text)
    CAN2_RX1_IRQHandler                      0x080002ab   Thumb Code     0  startup_stm32f446xx.o(.text)
    CAN2_SCE_IRQHandler                      0x080002ab   Thumb Code     0  startup_stm32f446xx.o(.text)
    CAN2_TX_IRQHandler                       0x080002ab   Thumb Code     0  startup_stm32f446xx.o(.text)
    CEC_IRQHandler                           0x080002ab   Thumb Code     0  startup_stm32f446xx.o(.text)
    DCMI_IRQHandler                          0x080002ab   Thumb Code     0  startup_stm32f446xx.o(.text)
    DMA1_Stream0_IRQHandler                  0x080002ab   Thumb Code     0  startup_stm32f446xx.o(.text)
    DMA1_Stream1_IRQHandler                  0x080002ab   Thumb Code     0  startup_stm32f446xx.o(.text)
    DMA1_Stream2_IRQHandler                  0x080002ab   Thumb Code     0  startup_stm32f446xx.o(.text)
    DMA1_Stream3_IRQHandler                  0x080002ab   Thumb Code     0  startup_stm32f446xx.o(.text)
    DMA1_Stream4_IRQHandler                  0x080002ab   Thumb Code     0  startup_stm32f446xx.o(.text)
    DMA1_Stream5_IRQHandler                  0x080002ab   Thumb Code     0  startup_stm32f446xx.o(.text)
    DMA1_Stream6_IRQHandler                  0x080002ab   Thumb Code     0  startup_stm32f446xx.o(.text)
    DMA1_Stream7_IRQHandler                  0x080002ab   Thumb Code     0  startup_stm32f446xx.o(.text)
    DMA2_Stream0_IRQHandler                  0x080002ab   Thumb Code     0  startup_stm32f446xx.o(.text)
    DMA2_Stream3_IRQHandler                  0x080002ab   Thumb Code     0  startup_stm32f446xx.o(.text)
    DMA2_Stream4_IRQHandler                  0x080002ab   Thumb Code     0  startup_stm32f446xx.o(.text)
    DMA2_Stream5_IRQHandler                  0x080002ab   Thumb Code     0  startup_stm32f446xx.o(.text)
    EXTI0_IRQHandler                         0x080002ab   Thumb Code     0  startup_stm32f446xx.o(.text)
    EXTI15_10_IRQHandler                     0x080002ab   Thumb Code     0  startup_stm32f446xx.o(.text)
    EXTI1_IRQHandler                         0x080002ab   Thumb Code     0  startup_stm32f446xx.o(.text)
    EXTI2_IRQHandler                         0x080002ab   Thumb Code     0  startup_stm32f446xx.o(.text)
    EXTI3_IRQHandler                         0x080002ab   Thumb Code     0  startup_stm32f446xx.o(.text)
    EXTI4_IRQHandler                         0x080002ab   Thumb Code     0  startup_stm32f446xx.o(.text)
    EXTI9_5_IRQHandler                       0x080002ab   Thumb Code     0  startup_stm32f446xx.o(.text)
    FLASH_IRQHandler                         0x080002ab   Thumb Code     0  startup_stm32f446xx.o(.text)
    FMC_IRQHandler                           0x080002ab   Thumb Code     0  startup_stm32f446xx.o(.text)
    FMPI2C1_ER_IRQHandler                    0x080002ab   Thumb Code     0  startup_stm32f446xx.o(.text)
    FMPI2C1_EV_IRQHandler                    0x080002ab   Thumb Code     0  startup_stm32f446xx.o(.text)
    FPU_IRQHandler                           0x080002ab   Thumb Code     0  startup_stm32f446xx.o(.text)
    I2C1_ER_IRQHandler                       0x080002ab   Thumb Code     0  startup_stm32f446xx.o(.text)
    I2C1_EV_IRQHandler                       0x080002ab   Thumb Code     0  startup_stm32f446xx.o(.text)
    I2C2_ER_IRQHandler                       0x080002ab   Thumb Code     0  startup_stm32f446xx.o(.text)
    I2C2_EV_IRQHandler                       0x080002ab   Thumb Code     0  startup_stm32f446xx.o(.text)
    I2C3_ER_IRQHandler                       0x080002ab   Thumb Code     0  startup_stm32f446xx.o(.text)
    I2C3_EV_IRQHandler                       0x080002ab   Thumb Code     0  startup_stm32f446xx.o(.text)
    OTG_FS_IRQHandler                        0x080002ab   Thumb Code     0  startup_stm32f446xx.o(.text)
    OTG_FS_WKUP_IRQHandler                   0x080002ab   Thumb Code     0  startup_stm32f446xx.o(.text)
    OTG_HS_EP1_IN_IRQHandler                 0x080002ab   Thumb Code     0  startup_stm32f446xx.o(.text)
    OTG_HS_EP1_OUT_IRQHandler                0x080002ab   Thumb Code     0  startup_stm32f446xx.o(.text)
    OTG_HS_IRQHandler                        0x080002ab   Thumb Code     0  startup_stm32f446xx.o(.text)
    OTG_HS_WKUP_IRQHandler                   0x080002ab   Thumb Code     0  startup_stm32f446xx.o(.text)
    PVD_IRQHandler                           0x080002ab   Thumb Code     0  startup_stm32f446xx.o(.text)
    QUADSPI_IRQHandler                       0x080002ab   Thumb Code     0  startup_stm32f446xx.o(.text)
    RCC_IRQHandler                           0x080002ab   Thumb Code     0  startup_stm32f446xx.o(.text)
    RTC_Alarm_IRQHandler                     0x080002ab   Thumb Code     0  startup_stm32f446xx.o(.text)
    RTC_WKUP_IRQHandler                      0x080002ab   Thumb Code     0  startup_stm32f446xx.o(.text)
    SAI1_IRQHandler                          0x080002ab   Thumb Code     0  startup_stm32f446xx.o(.text)
    SAI2_IRQHandler                          0x080002ab   Thumb Code     0  startup_stm32f446xx.o(.text)
    SDIO_IRQHandler                          0x080002ab   Thumb Code     0  startup_stm32f446xx.o(.text)
    SPDIF_RX_IRQHandler                      0x080002ab   Thumb Code     0  startup_stm32f446xx.o(.text)
    SPI1_IRQHandler                          0x080002ab   Thumb Code     0  startup_stm32f446xx.o(.text)
    SPI2_IRQHandler                          0x080002ab   Thumb Code     0  startup_stm32f446xx.o(.text)
    SPI3_IRQHandler                          0x080002ab   Thumb Code     0  startup_stm32f446xx.o(.text)
    SPI4_IRQHandler                          0x080002ab   Thumb Code     0  startup_stm32f446xx.o(.text)
    TAMP_STAMP_IRQHandler                    0x080002ab   Thumb Code     0  startup_stm32f446xx.o(.text)
    TIM1_BRK_TIM9_IRQHandler                 0x080002ab   Thumb Code     0  startup_stm32f446xx.o(.text)
    TIM1_CC_IRQHandler                       0x080002ab   Thumb Code     0  startup_stm32f446xx.o(.text)
    TIM1_TRG_COM_TIM11_IRQHandler            0x080002ab   Thumb Code     0  startup_stm32f446xx.o(.text)
    TIM1_UP_TIM10_IRQHandler                 0x080002ab   Thumb Code     0  startup_stm32f446xx.o(.text)
    TIM2_IRQHandler                          0x080002ab   Thumb Code     0  startup_stm32f446xx.o(.text)
    TIM3_IRQHandler                          0x080002ab   Thumb Code     0  startup_stm32f446xx.o(.text)
    TIM4_IRQHandler                          0x080002ab   Thumb Code     0  startup_stm32f446xx.o(.text)
    TIM5_IRQHandler                          0x080002ab   Thumb Code     0  startup_stm32f446xx.o(.text)
    TIM6_DAC_IRQHandler                      0x080002ab   Thumb Code     0  startup_stm32f446xx.o(.text)
    TIM7_IRQHandler                          0x080002ab   Thumb Code     0  startup_stm32f446xx.o(.text)
    TIM8_BRK_TIM12_IRQHandler                0x080002ab   Thumb Code     0  startup_stm32f446xx.o(.text)
    TIM8_CC_IRQHandler                       0x080002ab   Thumb Code     0  startup_stm32f446xx.o(.text)
    TIM8_TRG_COM_TIM14_IRQHandler            0x080002ab   Thumb Code     0  startup_stm32f446xx.o(.text)
    TIM8_UP_TIM13_IRQHandler                 0x080002ab   Thumb Code     0  startup_stm32f446xx.o(.text)
    UART4_IRQHandler                         0x080002ab   Thumb Code     0  startup_stm32f446xx.o(.text)
    UART5_IRQHandler                         0x080002ab   Thumb Code     0  startup_stm32f446xx.o(.text)
    USART2_IRQHandler                        0x080002ab   Thumb Code     0  startup_stm32f446xx.o(.text)
    USART3_IRQHandler                        0x080002ab   Thumb Code     0  startup_stm32f446xx.o(.text)
    USART6_IRQHandler                        0x080002ab   Thumb Code     0  startup_stm32f446xx.o(.text)
    WWDG_IRQHandler                          0x080002ab   Thumb Code     0  startup_stm32f446xx.o(.text)
    __user_initial_stackheap                 0x080002ad   Thumb Code     0  startup_stm32f446xx.o(.text)
    __aeabi_uldivmod                         0x080002d1   Thumb Code     0  lludivv7m.o(.text)
    _ll_udiv                                 0x080002d1   Thumb Code   238  lludivv7m.o(.text)
    __2snprintf                              0x080003c1   Thumb Code    50  __2snprintf.o(.text)
    _printf_pre_padding                      0x080003f9   Thumb Code    44  _printf_pad.o(.text)
    _printf_post_padding                     0x08000425   Thumb Code    34  _printf_pad.o(.text)
    _printf_int_dec                          0x08000449   Thumb Code   104  _printf_dec.o(.text)
    _printf_int_hex                          0x080004c1   Thumb Code    84  _printf_hex_int.o(.text)
    _printf_longlong_hex                     0x080004c1   Thumb Code     0  _printf_hex_int.o(.text)
    __printf                                 0x08000519   Thumb Code   388  __printf_flags_ss_wp.o(.text)
    strlen                                   0x080006a1   Thumb Code    62  strlen.o(.text)
    __aeabi_memcpy                           0x080006df   Thumb Code     0  rt_memcpy_v6.o(.text)
    __rt_memcpy                              0x080006df   Thumb Code   138  rt_memcpy_v6.o(.text)
    _memcpy_lastbytes                        0x08000745   Thumb Code     0  rt_memcpy_v6.o(.text)
    __aeabi_memcpy4                          0x08000769   Thumb Code     0  rt_memcpy_w.o(.text)
    __aeabi_memcpy8                          0x08000769   Thumb Code     0  rt_memcpy_w.o(.text)
    __rt_memcpy_w                            0x08000769   Thumb Code   100  rt_memcpy_w.o(.text)
    _memcpy_lastbytes_aligned                0x080007b1   Thumb Code     0  rt_memcpy_w.o(.text)
    __aeabi_memclr4                          0x080007cd   Thumb Code     0  rt_memclr_w.o(.text)
    __aeabi_memclr8                          0x080007cd   Thumb Code     0  rt_memclr_w.o(.text)
    __rt_memclr_w                            0x080007cd   Thumb Code    78  rt_memclr_w.o(.text)
    _memset_w                                0x080007d1   Thumb Code     0  rt_memclr_w.o(.text)
    __use_two_region_memory                  0x0800081b   Thumb Code     2  heapauxi.o(.text)
    __rt_heap_escrow$2region                 0x0800081d   Thumb Code     2  heapauxi.o(.text)
    __rt_heap_expand$2region                 0x0800081f   Thumb Code     2  heapauxi.o(.text)
    __read_errno                             0x08000821   Thumb Code    10  _rserrno.o(.text)
    __set_errno                              0x0800082b   Thumb Code    12  _rserrno.o(.text)
    _printf_int_common                       0x08000837   Thumb Code   178  _printf_intcommon.o(.text)
    __lib_sel_fp_printf                      0x080008e9   Thumb Code     2  _printf_fp_dec.o(.text)
    _printf_fp_dec_real                      0x08000a9b   Thumb Code   620  _printf_fp_dec.o(.text)
    _printf_char_common                      0x08000d13   Thumb Code    32  _printf_char_common.o(.text)
    _sputc                                   0x08000d39   Thumb Code    10  _sputc.o(.text)
    _snputc                                  0x08000d43   Thumb Code    16  _snputc.o(.text)
    __rt_locale                              0x08000d55   Thumb Code     8  rt_locale_intlibspace.o(.text)
    __aeabi_errno_addr                       0x08000d5d   Thumb Code     8  rt_errno_addr_intlibspace.o(.text)
    __errno$intlibspace                      0x08000d5d   Thumb Code     0  rt_errno_addr_intlibspace.o(.text)
    __rt_errno_addr$intlibspace              0x08000d5d   Thumb Code     0  rt_errno_addr_intlibspace.o(.text)
    _ll_udiv10                               0x08000d65   Thumb Code   138  lludiv10.o(.text)
    _printf_fp_infnan                        0x08000df1   Thumb Code   112  _printf_fp_infnan.o(.text)
    _btod_etento                             0x08000e71   Thumb Code   224  bigflt0.o(.text)
    __user_libspace                          0x08000f55   Thumb Code     8  libspace.o(.text)
    __user_perproc_libspace                  0x08000f55   Thumb Code     0  libspace.o(.text)
    __user_perthread_libspace                0x08000f55   Thumb Code     0  libspace.o(.text)
    __user_setup_stackheap                   0x08000f5d   Thumb Code    74  sys_stackheap_outer.o(.text)
    exit                                     0x08000fa7   Thumb Code    18  exit.o(.text)
    strcmp                                   0x08000fb9   Thumb Code   128  strcmpv7m.o(.text)
    _sys_exit                                0x08001039   Thumb Code     8  sys_exit.o(.text)
    __I$use$semihosting                      0x08001045   Thumb Code     0  use_no_semi.o(.text)
    __use_no_semihosting_swi                 0x08001045   Thumb Code     2  use_no_semi.o(.text)
    __semihosting_library_function           0x08001047   Thumb Code     0  indicate_semi.o(.text)
    _btod_d2e                                0x08001047   Thumb Code    62  btod.o(CL$$btod_d2e)
    _d2e_denorm_low                          0x08001085   Thumb Code    70  btod.o(CL$$btod_d2e_denorm_low)
    _d2e_norm_op1                            0x080010cb   Thumb Code    96  btod.o(CL$$btod_d2e_norm_op1)
    __btod_div_common                        0x0800112b   Thumb Code   696  btod.o(CL$$btod_div_common)
    _e2e                                     0x08001463   Thumb Code   220  btod.o(CL$$btod_e2e)
    _btod_ediv                               0x0800153f   Thumb Code    42  btod.o(CL$$btod_ediv)
    _btod_emul                               0x08001569   Thumb Code    42  btod.o(CL$$btod_emul)
    __btod_mult_common                       0x08001593   Thumb Code   580  btod.o(CL$$btod_mult_common)
    BusFault_Handler                         0x08001901   Thumb Code     2  stm32f4xx_it.o(i.BusFault_Handler)
    CalculateAngleDifference                 0x08001905   Thumb Code    40  main.o(i.CalculateAngleDifference)
    Calculate_Angles                         0x08001939   Thumb Code   388  main.o(i.Calculate_Angles)
    Comm_BuildPacket                         0x08001b11   Thumb Code    64  comm_protocol.o(i.Comm_BuildPacket)
    Comm_CRC16                               0x08001b51   Thumb Code    60  comm_protocol.o(i.Comm_CRC16)
    Comm_InitRxBuffer                        0x08001b8d   Thumb Code    16  comm_protocol.o(i.Comm_InitRxBuffer)
    Comm_ProcessByte                         0x08001b9d   Thumb Code   246  comm_protocol.o(i.Comm_ProcessByte)
    Comm_SendAck                             0x08001c93   Thumb Code    36  comm_protocol.o(i.Comm_SendAck)
    Comm_SendImuData                         0x08001cb7   Thumb Code    36  comm_protocol.o(i.Comm_SendImuData)
    Comm_SendOdometry                        0x08001cdb   Thumb Code    36  comm_protocol.o(i.Comm_SendOdometry)
    ControlMotor                             0x08001d01   Thumb Code   180  main.o(i.ControlMotor)
    DMA2_Stream1_IRQHandler                  0x08001dbd   Thumb Code     6  stm32f4xx_it.o(i.DMA2_Stream1_IRQHandler)
    DMA2_Stream2_IRQHandler                  0x08001dc9   Thumb Code     6  stm32f4xx_it.o(i.DMA2_Stream2_IRQHandler)
    DMA2_Stream6_IRQHandler                  0x08001dd5   Thumb Code     6  stm32f4xx_it.o(i.DMA2_Stream6_IRQHandler)
    DMA2_Stream7_IRQHandler                  0x08001de1   Thumb Code     6  stm32f4xx_it.o(i.DMA2_Stream7_IRQHandler)
    DebugMon_Handler                         0x08001e91   Thumb Code     2  stm32f4xx_it.o(i.DebugMon_Handler)
    Error_Handler                            0x08001e93   Thumb Code     4  main.o(i.Error_Handler)
    HAL_ADC_ConfigChannel                    0x08001e99   Thumb Code   334  stm32f4xx_hal_adc.o(i.HAL_ADC_ConfigChannel)
    HAL_ADC_Init                             0x08001ffd   Thumb Code    84  stm32f4xx_hal_adc.o(i.HAL_ADC_Init)
    HAL_ADC_MspInit                          0x08002051   Thumb Code    84  adc.o(i.HAL_ADC_MspInit)
    HAL_DMA_Abort                            0x080020b1   Thumb Code   146  stm32f4xx_hal_dma.o(i.HAL_DMA_Abort)
    HAL_DMA_Abort_IT                         0x08002143   Thumb Code    36  stm32f4xx_hal_dma.o(i.HAL_DMA_Abort_IT)
    HAL_DMA_IRQHandler                       0x08002169   Thumb Code   412  stm32f4xx_hal_dma.o(i.HAL_DMA_IRQHandler)
    HAL_DMA_Init                             0x08002309   Thumb Code   206  stm32f4xx_hal_dma.o(i.HAL_DMA_Init)
    HAL_DMA_Start_IT                         0x080023dd   Thumb Code   110  stm32f4xx_hal_dma.o(i.HAL_DMA_Start_IT)
    HAL_Delay                                0x0800244d   Thumb Code    32  stm32f4xx_hal.o(i.HAL_Delay)
    HAL_GPIO_Init                            0x08002471   Thumb Code   436  stm32f4xx_hal_gpio.o(i.HAL_GPIO_Init)
    HAL_GPIO_WritePin                        0x0800264d   Thumb Code    10  stm32f4xx_hal_gpio.o(i.HAL_GPIO_WritePin)
    HAL_GetTick                              0x08002659   Thumb Code     6  stm32f4xx_hal.o(i.HAL_GetTick)
    HAL_I2C_Init                             0x08002665   Thumb Code   376  stm32f4xx_hal_i2c.o(i.HAL_I2C_Init)
    HAL_I2C_Mem_Read                         0x080027ed   Thumb Code   502  stm32f4xx_hal_i2c.o(i.HAL_I2C_Mem_Read)
    HAL_I2C_Mem_Write                        0x080029f1   Thumb Code   294  stm32f4xx_hal_i2c.o(i.HAL_I2C_Mem_Write)
    HAL_I2C_MspInit                          0x08002b21   Thumb Code    94  i2c.o(i.HAL_I2C_MspInit)
    HAL_IncTick                              0x08002b8d   Thumb Code    12  stm32f4xx_hal.o(i.HAL_IncTick)
    HAL_Init                                 0x08002b9d   Thumb Code    48  stm32f4xx_hal.o(i.HAL_Init)
    HAL_InitTick                             0x08002bd1   Thumb Code    54  stm32f4xx_hal.o(i.HAL_InitTick)
    HAL_MspInit                              0x08002c11   Thumb Code    48  stm32f4xx_hal_msp.o(i.HAL_MspInit)
    HAL_NVIC_EnableIRQ                       0x08002c45   Thumb Code    26  stm32f4xx_hal_cortex.o(i.HAL_NVIC_EnableIRQ)
    HAL_NVIC_SetPriority                     0x08002c61   Thumb Code    60  stm32f4xx_hal_cortex.o(i.HAL_NVIC_SetPriority)
    HAL_NVIC_SetPriorityGrouping             0x08002ca1   Thumb Code    26  stm32f4xx_hal_cortex.o(i.HAL_NVIC_SetPriorityGrouping)
    HAL_PWREx_EnableOverDrive                0x08002cc5   Thumb Code    98  stm32f4xx_hal_pwr_ex.o(i.HAL_PWREx_EnableOverDrive)
    HAL_RCC_ClockConfig                      0x08002d35   Thumb Code   288  stm32f4xx_hal_rcc.o(i.HAL_RCC_ClockConfig)
    HAL_RCC_GetPCLK1Freq                     0x08002e69   Thumb Code    20  stm32f4xx_hal_rcc.o(i.HAL_RCC_GetPCLK1Freq)
    HAL_RCC_GetPCLK2Freq                     0x08002e89   Thumb Code    20  stm32f4xx_hal_rcc.o(i.HAL_RCC_GetPCLK2Freq)
    HAL_RCC_GetSysClockFreq                  0x08002ea9   Thumb Code   140  stm32f4xx_hal_rcc_ex.o(i.HAL_RCC_GetSysClockFreq)
    HAL_RCC_OscConfig                        0x08002f3d   Thumb Code   900  stm32f4xx_hal_rcc_ex.o(i.HAL_RCC_OscConfig)
    HAL_SYSTICK_Config                       0x080032d5   Thumb Code    40  stm32f4xx_hal_cortex.o(i.HAL_SYSTICK_Config)
    HAL_TIMEx_MasterConfigSynchronization    0x080032fd   Thumb Code   116  stm32f4xx_hal_tim_ex.o(i.HAL_TIMEx_MasterConfigSynchronization)
    HAL_TIM_Encoder_Init                     0x0800338d   Thumb Code   164  stm32f4xx_hal_tim.o(i.HAL_TIM_Encoder_Init)
    HAL_TIM_Encoder_MspInit                  0x08003431   Thumb Code   150  tim.o(i.HAL_TIM_Encoder_MspInit)
    HAL_TIM_Encoder_Start                    0x080034d9   Thumb Code   142  stm32f4xx_hal_tim.o(i.HAL_TIM_Encoder_Start)
    HAL_TIM_MspPostInit                      0x08003569   Thumb Code   104  tim.o(i.HAL_TIM_MspPostInit)
    HAL_TIM_PWM_ConfigChannel                0x080035e1   Thumb Code   204  stm32f4xx_hal_tim.o(i.HAL_TIM_PWM_ConfigChannel)
    HAL_TIM_PWM_Init                         0x080036ad   Thumb Code    90  stm32f4xx_hal_tim.o(i.HAL_TIM_PWM_Init)
    HAL_TIM_PWM_MspInit                      0x08003709   Thumb Code    30  tim.o(i.HAL_TIM_PWM_MspInit)
    HAL_TIM_PWM_Start                        0x08003731   Thumb Code   172  stm32f4xx_hal_tim.o(i.HAL_TIM_PWM_Start)
    HAL_UARTEx_RxEventCallback               0x080037f9   Thumb Code     2  stm32f4xx_hal_uart.o(i.HAL_UARTEx_RxEventCallback)
    HAL_UART_ErrorCallback                   0x080037fb   Thumb Code     2  stm32f4xx_hal_uart.o(i.HAL_UART_ErrorCallback)
    HAL_UART_IRQHandler                      0x080037fd   Thumb Code   636  stm32f4xx_hal_uart.o(i.HAL_UART_IRQHandler)
    HAL_UART_Init                            0x08003a7d   Thumb Code   100  stm32f4xx_hal_uart.o(i.HAL_UART_Init)
    HAL_UART_MspInit                         0x08003ae1   Thumb Code   354  usart.o(i.HAL_UART_MspInit)
    HAL_UART_Receive_DMA                     0x08003c65   Thumb Code    28  stm32f4xx_hal_uart.o(i.HAL_UART_Receive_DMA)
    HAL_UART_Receive_IT                      0x08003c81   Thumb Code    28  stm32f4xx_hal_uart.o(i.HAL_UART_Receive_IT)
    HAL_UART_RxCpltCallback                  0x08003c9d   Thumb Code   404  main.o(i.HAL_UART_RxCpltCallback)
    HAL_UART_RxHalfCpltCallback              0x08003e99   Thumb Code     2  stm32f4xx_hal_uart.o(i.HAL_UART_RxHalfCpltCallback)
    HAL_UART_Transmit                        0x08003e9b   Thumb Code   160  stm32f4xx_hal_uart.o(i.HAL_UART_Transmit)
    HAL_UART_TxCpltCallback                  0x08003f3b   Thumb Code     2  stm32f4xx_hal_uart.o(i.HAL_UART_TxCpltCallback)
    HandleAutoTurn                           0x08003f3d   Thumb Code   364  main.o(i.HandleAutoTurn)
    HardFault_Handler                        0x08004131   Thumb Code     2  stm32f4xx_it.o(i.HardFault_Handler)
    MPU6500_Calibrate                        0x08004571   Thumb Code   232  main.o(i.MPU6500_Calibrate)
    MPU6500_Init                             0x08004681   Thumb Code   216  main.o(i.MPU6500_Init)
    MPU6500_Read_All                         0x08004791   Thumb Code   110  main.o(i.MPU6500_Read_All)
    MX_ADC1_Init                             0x08004805   Thumb Code    88  adc.o(i.MX_ADC1_Init)
    MX_DMA_Init                              0x08004869   Thumb Code    88  dma.o(i.MX_DMA_Init)
    MX_GPIO_Init                             0x080048c5   Thumb Code   164  gpio.o(i.MX_GPIO_Init)
    MX_I2C1_Init                             0x08004975   Thumb Code    50  i2c.o(i.MX_I2C1_Init)
    MX_TIM2_Init                             0x080049b5   Thumb Code    96  tim.o(i.MX_TIM2_Init)
    MX_TIM3_Init                             0x08004a19   Thumb Code   152  tim.o(i.MX_TIM3_Init)
    MX_TIM4_Init                             0x08004ab9   Thumb Code    96  tim.o(i.MX_TIM4_Init)
    MX_USART1_UART_Init                      0x08004b21   Thumb Code    48  usart.o(i.MX_USART1_UART_Init)
    MX_USART6_UART_Init                      0x08004b59   Thumb Code    48  usart.o(i.MX_USART6_UART_Init)
    MemManage_Handler                        0x08004b91   Thumb Code     2  stm32f4xx_it.o(i.MemManage_Handler)
    NMI_Handler                              0x08004b93   Thumb Code     2  stm32f4xx_it.o(i.NMI_Handler)
    Odometry_GetPose                         0x08004bc9   Thumb Code    42  odometry.o(i.Odometry_GetPose)
    Odometry_GetVelocity                     0x08004bfd   Thumb Code    18  odometry.o(i.Odometry_GetVelocity)
    Odometry_Init                            0x08004c11   Thumb Code    36  odometry.o(i.Odometry_Init)
    Odometry_Update                          0x08004c3d   Thumb Code   318  odometry.o(i.Odometry_Update)
    PID_Update                               0x08004d99   Thumb Code    90  main.o(i.PID_Update)
    PendSV_Handler                           0x08004df3   Thumb Code     2  stm32f4xx_it.o(i.PendSV_Handler)
    PoseController_Enable                    0x08004df5   Thumb Code    22  pose_controller.o(i.PoseController_Enable)
    PoseController_Init                      0x08004e11   Thumb Code    32  pose_controller.o(i.PoseController_Init)
    PoseController_IsReached                 0x08004e39   Thumb Code   114  pose_controller.o(i.PoseController_IsReached)
    PoseController_SetTarget                 0x08004eb1   Thumb Code    28  pose_controller.o(i.PoseController_SetTarget)
    PoseController_Update                    0x08004ed1   Thumb Code   646  pose_controller.o(i.PoseController_Update)
    PoseController_UpdateCurrent             0x08005185   Thumb Code     6  pose_controller.o(i.PoseController_UpdateCurrent)
    ProcessLidarData                         0x0800518d   Thumb Code   256  main.o(i.ProcessLidarData)
    SVC_Handler                              0x080052d5   Thumb Code     2  stm32f4xx_it.o(i.SVC_Handler)
    Safety_CheckWatchdog                     0x080052d9   Thumb Code    32  safety.o(i.Safety_CheckWatchdog)
    Safety_EmergencyStop                     0x080052fd   Thumb Code    22  safety.o(i.Safety_EmergencyStop)
    Safety_FeedWatchdog                      0x08005319   Thumb Code    16  safety.o(i.Safety_FeedWatchdog)
    Safety_Init                              0x08005329   Thumb Code    18  safety.o(i.Safety_Init)
    Safety_LimitPWM                          0x08005345   Thumb Code    44  safety.o(i.Safety_LimitPWM)
    Safety_Update                            0x08005371   Thumb Code    24  safety.o(i.Safety_Update)
    SendConnectionNotification               0x08005389   Thumb Code    38  main.o(i.SendConnectionNotification)
    SendLidarToBluetooth                     0x080053b9   Thumb Code    88  main.o(i.SendLidarToBluetooth)
    SysTick_Handler                          0x08005439   Thumb Code     4  stm32f4xx_it.o(i.SysTick_Handler)
    SystemClock_Config                       0x0800543d   Thumb Code   150  main.o(i.SystemClock_Config)
    SystemInit                               0x080054dd   Thumb Code    12  system_stm32f4xx.o(i.SystemInit)
    TIM_Base_SetConfig                       0x080054ed   Thumb Code   164  stm32f4xx_hal_tim.o(i.TIM_Base_SetConfig)
    TIM_CCxChannelCmd                        0x080055bd   Thumb Code    26  stm32f4xx_hal_tim.o(i.TIM_CCxChannelCmd)
    TIM_OC2_SetConfig                        0x08005639   Thumb Code    98  stm32f4xx_hal_tim.o(i.TIM_OC2_SetConfig)
    UART_Start_Receive_DMA                   0x08005a91   Thumb Code   146  stm32f4xx_hal_uart.o(i.UART_Start_Receive_DMA)
    UART_Start_Receive_IT                    0x08005b31   Thumb Code    54  stm32f4xx_hal_uart.o(i.UART_Start_Receive_IT)
    USART1_IRQHandler                        0x08005bd9   Thumb Code     6  stm32f4xx_it.o(i.USART1_IRQHandler)
    UpdateSpeedRamp                          0x08005be5   Thumb Code   102  main.o(i.UpdateSpeedRamp)
    UsageFault_Handler                       0x08005c51   Thumb Code     2  stm32f4xx_it.o(i.UsageFault_Handler)
    __ARM_fpclassify                         0x08005c53   Thumb Code    48  fpclassify.o(i.__ARM_fpclassify)
    __ARM_fpclassifyf                        0x08005c83   Thumb Code    38  fpclassifyf.o(i.__ARM_fpclassifyf)
    __hardfp_atan2f                          0x08005cc9   Thumb Code   594  atan2f.o(i.__hardfp_atan2f)
    __hardfp_cosf                            0x08005f75   Thumb Code   280  cosf.o(i.__hardfp_cosf)
    __hardfp_fmaxf                           0x080060c5   Thumb Code    72  fmaxf.o(i.__hardfp_fmaxf)
    __hardfp_fminf                           0x0800610d   Thumb Code    72  fminf.o(i.__hardfp_fminf)
    __hardfp_fmodf                           0x08006155   Thumb Code   176  fmodf.o(i.__hardfp_fmodf)
    __hardfp_sinf                            0x08006205   Thumb Code   344  sinf.o(i.__hardfp_sinf)
    __hardfp_sqrtf                           0x08006395   Thumb Code    58  sqrtf.o(i.__hardfp_sqrtf)
    __mathlib_flt_infnan                     0x080063cf   Thumb Code     6  funder.o(i.__mathlib_flt_infnan)
    __mathlib_flt_infnan2                    0x080063d5   Thumb Code     6  funder.o(i.__mathlib_flt_infnan2)
    __mathlib_flt_invalid                    0x080063dd   Thumb Code    10  funder.o(i.__mathlib_flt_invalid)
    __mathlib_flt_underflow                  0x080063ed   Thumb Code    10  funder.o(i.__mathlib_flt_underflow)
    __mathlib_rredf2                         0x080063fd   Thumb Code   316  rredf.o(i.__mathlib_rredf2)
    _is_digit                                0x08006551   Thumb Code    14  __printf_wp.o(i._is_digit)
    main                                     0x08006561   Thumb Code  1868  main.o(i.main)
    _get_lc_numeric                          0x08006d11   Thumb Code    44  lc_numeric_c.o(locale$$code)
    __aeabi_d2f                              0x08006d3d   Thumb Code     0  d2f.o(x$fpl$d2f)
    _d2f                                     0x08006d3d   Thumb Code    98  d2f.o(x$fpl$d2f)
    __aeabi_ddiv                             0x08006da1   Thumb Code     0  ddiv.o(x$fpl$ddiv)
    _ddiv                                    0x08006da1   Thumb Code   552  ddiv.o(x$fpl$ddiv)
    __fpl_dnaninf                            0x08007051   Thumb Code   156  dnaninf.o(x$fpl$dnaninf)
    __fpl_dretinf                            0x080070ed   Thumb Code    12  dretinf.o(x$fpl$dretinf)
    __aeabi_f2d                              0x080070f9   Thumb Code     0  f2d.o(x$fpl$f2d)
    _f2d                                     0x080070f9   Thumb Code    86  f2d.o(x$fpl$f2d)
    __fcmp4                                  0x08007151   Thumb Code    24  fcmp4.o(x$fpl$fcmp4)
    __ARM_fcmp4                              0x08007169   Thumb Code     0  fcmp4.o(x$fpl$fcmp4)
    _fcmp4                                   0x08007169   Thumb Code    58  fcmp4.o(x$fpl$fcmp4)
    __fpl_fcmp_Inf                           0x080071a3   Thumb Code    24  fcmpi.o(x$fpl$fcmpinf)
    __fpl_fnaninf                            0x080071bb   Thumb Code   140  fnaninf.o(x$fpl$fnaninf)
    _fp_init                                 0x08007247   Thumb Code    10  fpinit.o(x$fpl$fpinit)
    __fplib_config_fpu_vfp                   0x0800724f   Thumb Code     0  fpinit.o(x$fpl$fpinit)
    __fplib_config_pureend_doubles           0x0800724f   Thumb Code     0  fpinit.o(x$fpl$fpinit)
    _frem                                    0x08007251   Thumb Code   240  frem_clz.o(x$fpl$frem)
    __fpl_fretinf                            0x08007345   Thumb Code    10  fretinf.o(x$fpl$fretinf)
    _printf_fp_dec                           0x0800734f   Thumb Code     4  printf1.o(x$fpl$printf1)
    __I$use$fp                               0x08007352   Number         0  usenofp.o(x$fpl$usenofp)
    DEFAULT_ODOM_CONFIG                      0x08007354   Data          16  odometry.o(.constdata)
    DEFAULT_POSE_CONFIG                      0x08007364   Data          40  pose_controller.o(.constdata)
    DEFAULT_SAFETY_CONFIG                    0x0800738c   Data          20  safety.o(.constdata)
    AHBPrescTable                            0x080073a8   Data          16  system_stm32f4xx.o(.constdata)
    APBPrescTable                            0x080073b8   Data           8  system_stm32f4xx.o(.constdata)
    Region$$Table$$Base                      0x08007558   Number         0  anon$$obj.o(Region$$Table)
    Region$$Table$$Limit                     0x08007578   Number         0  anon$$obj.o(Region$$Table)
    bluetooth_rx_data                        0x20000000   Data           1  main.o(.data)
    target_direction                         0x20000001   Data           1  main.o(.data)
    current_direction                        0x20000002   Data           1  main.o(.data)
    bluetooth_connected                      0x20000003   Data           1  main.o(.data)
    connection_announced                     0x20000004   Data           1  main.o(.data)
    lidar_process_packet                     0x20000005   Data           1  main.o(.data)
    auto_turn_mode                           0x20000006   Data           1  main.o(.data)
    overshoot_count                          0x20000007   Data           1  main.o(.data)
    is_stationary                            0x20000008   Data           1  main.o(.data)
    accel_offset_x                           0x2000000a   Data           2  main.o(.data)
    accel_offset_y                           0x2000000c   Data           2  main.o(.data)
    accel_offset_z                           0x2000000e   Data           2  main.o(.data)
    gyro_offset_x                            0x20000010   Data           2  main.o(.data)
    gyro_offset_y                            0x20000012   Data           2  main.o(.data)
    gyro_offset_z                            0x20000014   Data           2  main.o(.data)
    accel_x                                  0x20000016   Data           2  main.o(.data)
    accel_y                                  0x20000018   Data           2  main.o(.data)
    accel_z                                  0x2000001a   Data           2  main.o(.data)
    gyro_x                                   0x2000001c   Data           2  main.o(.data)
    gyro_y                                   0x2000001e   Data           2  main.o(.data)
    gyro_z                                   0x20000020   Data           2  main.o(.data)
    temp                                     0x20000022   Data           2  main.o(.data)
    current_speed                            0x20000024   Data           4  main.o(.data)
    target_speed                             0x20000028   Data           4  main.o(.data)
    last_speed_update_time                   0x2000002c   Data           4  main.o(.data)
    last_encoder_time                        0x20000030   Data           4  main.o(.data)
    lastEncoderA                             0x20000034   Data           4  main.o(.data)
    lastEncoderB                             0x20000038   Data           4  main.o(.data)
    lastLidarAngle                           0x2000003c   Data           4  main.o(.data)
    yaw                                      0x20000040   Data           4  main.o(.data)
    target_rpm                               0x20000044   Data           4  main.o(.data)
    pwm_left                                 0x20000048   Data           4  main.o(.data)
    pwm_right                                0x2000004c   Data           4  main.o(.data)
    start_yaw                                0x20000050   Data           4  main.o(.data)
    target_yaw                               0x20000054   Data           4  main.o(.data)
    prev_angle_diff                          0x20000058   Data           4  main.o(.data)
    gyro_z_bias                              0x2000005c   Data           4  main.o(.data)
    stationary_start_time                    0x20000060   Data           4  main.o(.data)
    roll                                     0x20000084   Data           4  main.o(.data)
    pitch                                    0x20000088   Data           4  main.o(.data)
    connection_msg                           0x2000008c   Data          12  main.o(.data)
    pid_left                                 0x20000098   Data          24  main.o(.data)
    pid_right                                0x200000b0   Data          24  main.o(.data)
    g_pose_config                            0x200000c8   Data          40  main.o(.data)
    g_odom_config                            0x200000f0   Data          16  main.o(.data)
    g_safety_config                          0x20000100   Data          20  main.o(.data)
    uwTickFreq                               0x20000114   Data           1  stm32f4xx_hal.o(.data)
    uwTickPrio                               0x20000118   Data           4  stm32f4xx_hal.o(.data)
    uwTick                                   0x2000011c   Data           4  stm32f4xx_hal.o(.data)
    SystemCoreClock                          0x20000120   Data           4  system_stm32f4xx.o(.data)
    g_safety_status                          0x20000124   Data          16  main.o(.bss)
    uart_buf                                 0x20000134   Data         256  main.o(.bss)
    lidar_dma_buffer                         0x20000234   Data         256  main.o(.bss)
    g_pose_controller                        0x20000334   Data          44  main.o(.bss)
    g_odometry                               0x20000360   Data          32  main.o(.bss)
    g_comm_rx_buffer                         0x20000380   Data         144  main.o(.bss)
    hadc1                                    0x20000410   Data          72  adc.o(.bss)
    hi2c1                                    0x20000458   Data          84  i2c.o(.bss)
    htim2                                    0x200004ac   Data          72  tim.o(.bss)
    htim3                                    0x200004f4   Data          72  tim.o(.bss)
    htim4                                    0x2000053c   Data          72  tim.o(.bss)
    huart1                                   0x20000584   Data          72  usart.o(.bss)
    huart6                                   0x200005cc   Data          72  usart.o(.bss)
    hdma_usart1_rx                           0x20000614   Data          96  usart.o(.bss)
    hdma_usart1_tx                           0x20000674   Data          96  usart.o(.bss)
    hdma_usart6_rx                           0x200006d4   Data          96  usart.o(.bss)
    hdma_usart6_tx                           0x20000734   Data          96  usart.o(.bss)
    __libspace_start                         0x200007e0   Data          96  libspace.o(.bss)
    __temporary_stack_top$libspace           0x20000840   Data           0  libspace.o(.bss)



==============================================================================

Memory Map of the image

  Image Entry point : 0x080001c5

  Load Region LR_IROM1 (Base: 0x08000000, Size: 0x000076b8, Max: 0x00080000, ABSOLUTE)

    Execution Region ER_IROM1 (Exec base: 0x08000000, Load base: 0x08000000, Size: 0x00007594, Max: 0x00080000, ABSOLUTE)

    Exec Addr    Load Addr    Size         Type   Attr      Idx    E Section Name        Object

    0x08000000   0x08000000   0x000001c4   Data   RO            3    RESET               startup_stm32f446xx.o
    0x080001c4   0x080001c4   0x00000008   Code   RO         4406  * !!!main             c_w.l(__main.o)
    0x080001cc   0x080001cc   0x00000034   Code   RO         4752    !!!scatter          c_w.l(__scatter.o)
    0x08000200   0x08000200   0x0000001a   Code   RO         4754    !!handler_copy      c_w.l(__scatter_copy.o)
    0x0800021a   0x0800021a   0x00000002   PAD
    0x0800021c   0x0800021c   0x0000001c   Code   RO         4756    !!handler_zi        c_w.l(__scatter_zi.o)
    0x08000238   0x08000238   0x00000000   Code   RO         4395    .ARM.Collect$$_printf_percent$$00000000  c_w.l(_printf_percent.o)
    0x08000238   0x08000238   0x00000006   Code   RO         4394    .ARM.Collect$$_printf_percent$$00000003  c_w.l(_printf_f.o)
    0x0800023e   0x0800023e   0x00000006   Code   RO         4392    .ARM.Collect$$_printf_percent$$00000009  c_w.l(_printf_d.o)
    0x08000244   0x08000244   0x00000006   Code   RO         4393    .ARM.Collect$$_printf_percent$$0000000A  c_w.l(_printf_u.o)
    0x0800024a   0x0800024a   0x00000006   Code   RO         4391    .ARM.Collect$$_printf_percent$$0000000C  c_w.l(_printf_x.o)
    0x08000250   0x08000250   0x00000004   Code   RO         4503    .ARM.Collect$$_printf_percent$$00000017  c_w.l(_printf_percent_end.o)
    0x08000254   0x08000254   0x00000002   Code   RO         4623    .ARM.Collect$$libinit$$00000000  c_w.l(libinit.o)
    0x08000256   0x08000256   0x00000004   Code   RO         4624    .ARM.Collect$$libinit$$00000001  c_w.l(libinit2.o)
    0x0800025a   0x0800025a   0x00000000   Code   RO         4627    .ARM.Collect$$libinit$$00000004  c_w.l(libinit2.o)
    0x0800025a   0x0800025a   0x00000000   Code   RO         4630    .ARM.Collect$$libinit$$0000000A  c_w.l(libinit2.o)
    0x0800025a   0x0800025a   0x00000000   Code   RO         4632    .ARM.Collect$$libinit$$0000000C  c_w.l(libinit2.o)
    0x0800025a   0x0800025a   0x00000000   Code   RO         4634    .ARM.Collect$$libinit$$0000000E  c_w.l(libinit2.o)
    0x0800025a   0x0800025a   0x00000006   Code   RO         4635    .ARM.Collect$$libinit$$0000000F  c_w.l(libinit2.o)
    0x08000260   0x08000260   0x00000000   Code   RO         4637    .ARM.Collect$$libinit$$00000011  c_w.l(libinit2.o)
    0x08000260   0x08000260   0x00000000   Code   RO         4639    .ARM.Collect$$libinit$$00000013  c_w.l(libinit2.o)
    0x08000260   0x08000260   0x00000000   Code   RO         4641    .ARM.Collect$$libinit$$00000015  c_w.l(libinit2.o)
    0x08000260   0x08000260   0x0000000a   Code   RO         4642    .ARM.Collect$$libinit$$00000016  c_w.l(libinit2.o)
    0x0800026a   0x0800026a   0x00000000   Code   RO         4643    .ARM.Collect$$libinit$$00000017  c_w.l(libinit2.o)
    0x0800026a   0x0800026a   0x00000000   Code   RO         4645    .ARM.Collect$$libinit$$00000019  c_w.l(libinit2.o)
    0x0800026a   0x0800026a   0x00000000   Code   RO         4647    .ARM.Collect$$libinit$$0000001B  c_w.l(libinit2.o)
    0x0800026a   0x0800026a   0x00000000   Code   RO         4649    .ARM.Collect$$libinit$$0000001D  c_w.l(libinit2.o)
    0x0800026a   0x0800026a   0x00000000   Code   RO         4651    .ARM.Collect$$libinit$$0000001F  c_w.l(libinit2.o)
    0x0800026a   0x0800026a   0x00000000   Code   RO         4653    .ARM.Collect$$libinit$$00000021  c_w.l(libinit2.o)
    0x0800026a   0x0800026a   0x00000000   Code   RO         4655    .ARM.Collect$$libinit$$00000023  c_w.l(libinit2.o)
    0x0800026a   0x0800026a   0x00000000   Code   RO         4657    .ARM.Collect$$libinit$$00000025  c_w.l(libinit2.o)
    0x0800026a   0x0800026a   0x00000000   Code   RO         4661    .ARM.Collect$$libinit$$0000002C  c_w.l(libinit2.o)
    0x0800026a   0x0800026a   0x00000000   Code   RO         4663    .ARM.Collect$$libinit$$0000002E  c_w.l(libinit2.o)
    0x0800026a   0x0800026a   0x00000000   Code   RO         4665    .ARM.Collect$$libinit$$00000030  c_w.l(libinit2.o)
    0x0800026a   0x0800026a   0x00000000   Code   RO         4667    .ARM.Collect$$libinit$$00000032  c_w.l(libinit2.o)
    0x0800026a   0x0800026a   0x00000002   Code   RO         4668    .ARM.Collect$$libinit$$00000033  c_w.l(libinit2.o)
    0x0800026c   0x0800026c   0x00000002   Code   RO         4715    .ARM.Collect$$libshutdown$$00000000  c_w.l(libshutdown.o)
    0x0800026e   0x0800026e   0x00000000   Code   RO         4733    .ARM.Collect$$libshutdown$$00000002  c_w.l(libshutdown2.o)
    0x0800026e   0x0800026e   0x00000000   Code   RO         4735    .ARM.Collect$$libshutdown$$00000004  c_w.l(libshutdown2.o)
    0x0800026e   0x0800026e   0x00000000   Code   RO         4737    .ARM.Collect$$libshutdown$$00000006  c_w.l(libshutdown2.o)
    0x0800026e   0x0800026e   0x00000000   Code   RO         4740    .ARM.Collect$$libshutdown$$00000009  c_w.l(libshutdown2.o)
    0x0800026e   0x0800026e   0x00000000   Code   RO         4743    .ARM.Collect$$libshutdown$$0000000C  c_w.l(libshutdown2.o)
    0x0800026e   0x0800026e   0x00000000   Code   RO         4745    .ARM.Collect$$libshutdown$$0000000E  c_w.l(libshutdown2.o)
    0x0800026e   0x0800026e   0x00000000   Code   RO         4748    .ARM.Collect$$libshutdown$$00000011  c_w.l(libshutdown2.o)
    0x0800026e   0x0800026e   0x00000002   Code   RO         4749    .ARM.Collect$$libshutdown$$00000012  c_w.l(libshutdown2.o)
    0x08000270   0x08000270   0x00000000   Code   RO         4486    .ARM.Collect$$rtentry$$00000000  c_w.l(__rtentry.o)
    0x08000270   0x08000270   0x00000000   Code   RO         4539    .ARM.Collect$$rtentry$$00000002  c_w.l(__rtentry2.o)
    0x08000270   0x08000270   0x00000006   Code   RO         4551    .ARM.Collect$$rtentry$$00000004  c_w.l(__rtentry4.o)
    0x08000276   0x08000276   0x00000000   Code   RO         4541    .ARM.Collect$$rtentry$$00000009  c_w.l(__rtentry2.o)
    0x08000276   0x08000276   0x00000004   Code   RO         4542    .ARM.Collect$$rtentry$$0000000A  c_w.l(__rtentry2.o)
    0x0800027a   0x0800027a   0x00000000   Code   RO         4544    .ARM.Collect$$rtentry$$0000000C  c_w.l(__rtentry2.o)
    0x0800027a   0x0800027a   0x00000008   Code   RO         4545    .ARM.Collect$$rtentry$$0000000D  c_w.l(__rtentry2.o)
    0x08000282   0x08000282   0x00000002   Code   RO         4669    .ARM.Collect$$rtexit$$00000000  c_w.l(rtexit.o)
    0x08000284   0x08000284   0x00000000   Code   RO         4684    .ARM.Collect$$rtexit$$00000002  c_w.l(rtexit2.o)
    0x08000284   0x08000284   0x00000004   Code   RO         4685    .ARM.Collect$$rtexit$$00000003  c_w.l(rtexit2.o)
    0x08000288   0x08000288   0x00000006   Code   RO         4686    .ARM.Collect$$rtexit$$00000004  c_w.l(rtexit2.o)
    0x0800028e   0x0800028e   0x00000002   PAD
    0x08000290   0x08000290   0x00000040   Code   RO            4    .text               startup_stm32f446xx.o
    0x080002d0   0x080002d0   0x000000ee   Code   RO         4338    .text               c_w.l(lludivv7m.o)
    0x080003be   0x080003be   0x00000002   PAD
    0x080003c0   0x080003c0   0x00000038   Code   RO         4340    .text               c_w.l(__2snprintf.o)
    0x080003f8   0x080003f8   0x0000004e   Code   RO         4346    .text               c_w.l(_printf_pad.o)
    0x08000446   0x08000446   0x00000002   PAD
    0x08000448   0x08000448   0x00000078   Code   RO         4348    .text               c_w.l(_printf_dec.o)
    0x080004c0   0x080004c0   0x00000058   Code   RO         4353    .text               c_w.l(_printf_hex_int.o)
    0x08000518   0x08000518   0x00000188   Code   RO         4388    .text               c_w.l(__printf_flags_ss_wp.o)
    0x080006a0   0x080006a0   0x0000003e   Code   RO         4396    .text               c_w.l(strlen.o)
    0x080006de   0x080006de   0x0000008a   Code   RO         4398    .text               c_w.l(rt_memcpy_v6.o)
    0x08000768   0x08000768   0x00000064   Code   RO         4400    .text               c_w.l(rt_memcpy_w.o)
    0x080007cc   0x080007cc   0x0000004e   Code   RO         4402    .text               c_w.l(rt_memclr_w.o)
    0x0800081a   0x0800081a   0x00000006   Code   RO         4404    .text               c_w.l(heapauxi.o)
    0x08000820   0x08000820   0x00000016   Code   RO         4491    .text               c_w.l(_rserrno.o)
    0x08000836   0x08000836   0x000000b2   Code   RO         4493    .text               c_w.l(_printf_intcommon.o)
    0x080008e8   0x080008e8   0x0000041e   Code   RO         4495    .text               c_w.l(_printf_fp_dec.o)
    0x08000d06   0x08000d06   0x00000002   PAD
    0x08000d08   0x08000d08   0x00000030   Code   RO         4497    .text               c_w.l(_printf_char_common.o)
    0x08000d38   0x08000d38   0x0000000a   Code   RO         4499    .text               c_w.l(_sputc.o)
    0x08000d42   0x08000d42   0x00000010   Code   RO         4501    .text               c_w.l(_snputc.o)
    0x08000d52   0x08000d52   0x00000002   PAD
    0x08000d54   0x08000d54   0x00000008   Code   RO         4558    .text               c_w.l(rt_locale_intlibspace.o)
    0x08000d5c   0x08000d5c   0x00000008   Code   RO         4563    .text               c_w.l(rt_errno_addr_intlibspace.o)
    0x08000d64   0x08000d64   0x0000008a   Code   RO         4565    .text               c_w.l(lludiv10.o)
    0x08000dee   0x08000dee   0x00000002   PAD
    0x08000df0   0x08000df0   0x00000080   Code   RO         4567    .text               c_w.l(_printf_fp_infnan.o)
    0x08000e70   0x08000e70   0x000000e4   Code   RO         4571    .text               c_w.l(bigflt0.o)
    0x08000f54   0x08000f54   0x00000008   Code   RO         4605    .text               c_w.l(libspace.o)
    0x08000f5c   0x08000f5c   0x0000004a   Code   RO         4608    .text               c_w.l(sys_stackheap_outer.o)
    0x08000fa6   0x08000fa6   0x00000012   Code   RO         4610    .text               c_w.l(exit.o)
    0x08000fb8   0x08000fb8   0x00000080   Code   RO         4616    .text               c_w.l(strcmpv7m.o)
    0x08001038   0x08001038   0x0000000c   Code   RO         4681    .text               c_w.l(sys_exit.o)
    0x08001044   0x08001044   0x00000002   Code   RO         4702    .text               c_w.l(use_no_semi.o)
    0x08001046   0x08001046   0x00000000   Code   RO         4704    .text               c_w.l(indicate_semi.o)
    0x08001046   0x08001046   0x0000003e   Code   RO         4574    CL$$btod_d2e        c_w.l(btod.o)
    0x08001084   0x08001084   0x00000046   Code   RO         4576    CL$$btod_d2e_denorm_low  c_w.l(btod.o)
    0x080010ca   0x080010ca   0x00000060   Code   RO         4575    CL$$btod_d2e_norm_op1  c_w.l(btod.o)
    0x0800112a   0x0800112a   0x00000338   Code   RO         4584    CL$$btod_div_common  c_w.l(btod.o)
    0x08001462   0x08001462   0x000000dc   Code   RO         4581    CL$$btod_e2e        c_w.l(btod.o)
    0x0800153e   0x0800153e   0x0000002a   Code   RO         4578    CL$$btod_ediv       c_w.l(btod.o)
    0x08001568   0x08001568   0x0000002a   Code   RO         4577    CL$$btod_emul       c_w.l(btod.o)
    0x08001592   0x08001592   0x00000244   Code   RO         4583    CL$$btod_mult_common  c_w.l(btod.o)
    0x080017d6   0x080017d6   0x00000002   PAD
    0x080017d8   0x080017d8   0x00000128   Code   RO          971    i.ADC_Init          stm32f4xx_hal_adc.o
    0x08001900   0x08001900   0x00000002   Code   RO          558    i.BusFault_Handler  stm32f4xx_it.o
    0x08001902   0x08001902   0x00000002   PAD
    0x08001904   0x08001904   0x00000034   Code   RO           13    i.CalculateAngleDifference  main.o
    0x08001938   0x08001938   0x000001b8   Code   RO           14    i.Calculate_Angles  main.o
    0x08001af0   0x08001af0   0x00000020   Code   RO          819    i.Clamp             pose_controller.o
    0x08001b10   0x08001b10   0x00000040   Code   RO          688    i.Comm_BuildPacket  comm_protocol.o
    0x08001b50   0x08001b50   0x0000003c   Code   RO          689    i.Comm_CRC16        comm_protocol.o
    0x08001b8c   0x08001b8c   0x00000010   Code   RO          690    i.Comm_InitRxBuffer  comm_protocol.o
    0x08001b9c   0x08001b9c   0x000000f6   Code   RO          691    i.Comm_ProcessByte  comm_protocol.o
    0x08001c92   0x08001c92   0x00000024   Code   RO          692    i.Comm_SendAck      comm_protocol.o
    0x08001cb6   0x08001cb6   0x00000024   Code   RO          693    i.Comm_SendImuData  comm_protocol.o
    0x08001cda   0x08001cda   0x00000024   Code   RO          695    i.Comm_SendOdometry  comm_protocol.o
    0x08001cfe   0x08001cfe   0x00000002   PAD
    0x08001d00   0x08001d00   0x000000bc   Code   RO           15    i.ControlMotor      main.o
    0x08001dbc   0x08001dbc   0x0000000c   Code   RO          559    i.DMA2_Stream1_IRQHandler  stm32f4xx_it.o
    0x08001dc8   0x08001dc8   0x0000000c   Code   RO          560    i.DMA2_Stream2_IRQHandler  stm32f4xx_it.o
    0x08001dd4   0x08001dd4   0x0000000c   Code   RO          561    i.DMA2_Stream6_IRQHandler  stm32f4xx_it.o
    0x08001de0   0x08001de0   0x0000000c   Code   RO          562    i.DMA2_Stream7_IRQHandler  stm32f4xx_it.o
    0x08001dec   0x08001dec   0x00000028   Code   RO         1789    i.DMA_CalcBaseAndBitshift  stm32f4xx_hal_dma.o
    0x08001e14   0x08001e14   0x00000054   Code   RO         1790    i.DMA_CheckFifoParam  stm32f4xx_hal_dma.o
    0x08001e68   0x08001e68   0x00000028   Code   RO         1791    i.DMA_SetConfig     stm32f4xx_hal_dma.o
    0x08001e90   0x08001e90   0x00000002   Code   RO          563    i.DebugMon_Handler  stm32f4xx_it.o
    0x08001e92   0x08001e92   0x00000004   Code   RO           16    i.Error_Handler     main.o
    0x08001e96   0x08001e96   0x00000002   PAD
    0x08001e98   0x08001e98   0x00000164   Code   RO          973    i.HAL_ADC_ConfigChannel  stm32f4xx_hal_adc.o
    0x08001ffc   0x08001ffc   0x00000054   Code   RO          982    i.HAL_ADC_Init      stm32f4xx_hal_adc.o
    0x08002050   0x08002050   0x00000060   Code   RO          331    i.HAL_ADC_MspInit   adc.o
    0x080020b0   0x080020b0   0x00000092   Code   RO         1792    i.HAL_DMA_Abort     stm32f4xx_hal_dma.o
    0x08002142   0x08002142   0x00000024   Code   RO         1793    i.HAL_DMA_Abort_IT  stm32f4xx_hal_dma.o
    0x08002166   0x08002166   0x00000002   PAD
    0x08002168   0x08002168   0x000001a0   Code   RO         1797    i.HAL_DMA_IRQHandler  stm32f4xx_hal_dma.o
    0x08002308   0x08002308   0x000000d4   Code   RO         1798    i.HAL_DMA_Init      stm32f4xx_hal_dma.o
    0x080023dc   0x080023dc   0x0000006e   Code   RO         1802    i.HAL_DMA_Start_IT  stm32f4xx_hal_dma.o
    0x0800244a   0x0800244a   0x00000002   PAD
    0x0800244c   0x0800244c   0x00000024   Code   RO         2247    i.HAL_Delay         stm32f4xx_hal.o
    0x08002470   0x08002470   0x000001dc   Code   RO         1685    i.HAL_GPIO_Init     stm32f4xx_hal_gpio.o
    0x0800264c   0x0800264c   0x0000000a   Code   RO         1689    i.HAL_GPIO_WritePin  stm32f4xx_hal_gpio.o
    0x08002656   0x08002656   0x00000002   PAD
    0x08002658   0x08002658   0x0000000c   Code   RO         2253    i.HAL_GetTick       stm32f4xx_hal.o
    0x08002664   0x08002664   0x00000188   Code   RO         2509    i.HAL_I2C_Init      stm32f4xx_hal_i2c.o
    0x080027ec   0x080027ec   0x00000204   Code   RO         2527    i.HAL_I2C_Mem_Read  stm32f4xx_hal_i2c.o
    0x080029f0   0x080029f0   0x00000130   Code   RO         2530    i.HAL_I2C_Mem_Write  stm32f4xx_hal_i2c.o
    0x08002b20   0x08002b20   0x0000006c   Code   RO          397    i.HAL_I2C_MspInit   i2c.o
    0x08002b8c   0x08002b8c   0x00000010   Code   RO         2259    i.HAL_IncTick       stm32f4xx_hal.o
    0x08002b9c   0x08002b9c   0x00000034   Code   RO         2260    i.HAL_Init          stm32f4xx_hal.o
    0x08002bd0   0x08002bd0   0x00000040   Code   RO         2261    i.HAL_InitTick      stm32f4xx_hal.o
    0x08002c10   0x08002c10   0x00000034   Code   RO          664    i.HAL_MspInit       stm32f4xx_hal_msp.o
    0x08002c44   0x08002c44   0x0000001a   Code   RO         2095    i.HAL_NVIC_EnableIRQ  stm32f4xx_hal_cortex.o
    0x08002c5e   0x08002c5e   0x00000002   PAD
    0x08002c60   0x08002c60   0x00000040   Code   RO         2101    i.HAL_NVIC_SetPriority  stm32f4xx_hal_cortex.o
    0x08002ca0   0x08002ca0   0x00000024   Code   RO         2102    i.HAL_NVIC_SetPriorityGrouping  stm32f4xx_hal_cortex.o
    0x08002cc4   0x08002cc4   0x00000070   Code   RO         2021    i.HAL_PWREx_EnableOverDrive  stm32f4xx_hal_pwr_ex.o
    0x08002d34   0x08002d34   0x00000134   Code   RO         1247    i.HAL_RCC_ClockConfig  stm32f4xx_hal_rcc.o
    0x08002e68   0x08002e68   0x00000020   Code   RO         1254    i.HAL_RCC_GetPCLK1Freq  stm32f4xx_hal_rcc.o
    0x08002e88   0x08002e88   0x00000020   Code   RO         1255    i.HAL_RCC_GetPCLK2Freq  stm32f4xx_hal_rcc.o
    0x08002ea8   0x08002ea8   0x00000094   Code   RO         1358    i.HAL_RCC_GetSysClockFreq  stm32f4xx_hal_rcc_ex.o
    0x08002f3c   0x08002f3c   0x00000398   Code   RO         1359    i.HAL_RCC_OscConfig  stm32f4xx_hal_rcc_ex.o
    0x080032d4   0x080032d4   0x00000028   Code   RO         2106    i.HAL_SYSTICK_Config  stm32f4xx_hal_cortex.o
    0x080032fc   0x080032fc   0x00000090   Code   RO         3690    i.HAL_TIMEx_MasterConfigSynchronization  stm32f4xx_hal_tim_ex.o
    0x0800338c   0x0800338c   0x000000a4   Code   RO         2988    i.HAL_TIM_Encoder_Init  stm32f4xx_hal_tim.o
    0x08003430   0x08003430   0x000000a8   Code   RO          439    i.HAL_TIM_Encoder_MspInit  tim.o
    0x080034d8   0x080034d8   0x0000008e   Code   RO         2991    i.HAL_TIM_Encoder_Start  stm32f4xx_hal_tim.o
    0x08003566   0x08003566   0x00000002   PAD
    0x08003568   0x08003568   0x00000078   Code   RO          440    i.HAL_TIM_MspPostInit  tim.o
    0x080035e0   0x080035e0   0x000000cc   Code   RO         3039    i.HAL_TIM_PWM_ConfigChannel  stm32f4xx_hal_tim.o
    0x080036ac   0x080036ac   0x0000005a   Code   RO         3042    i.HAL_TIM_PWM_Init  stm32f4xx_hal_tim.o
    0x08003706   0x08003706   0x00000002   PAD
    0x08003708   0x08003708   0x00000028   Code   RO          442    i.HAL_TIM_PWM_MspInit  tim.o
    0x08003730   0x08003730   0x000000c8   Code   RO         3047    i.HAL_TIM_PWM_Start  stm32f4xx_hal_tim.o
    0x080037f8   0x080037f8   0x00000002   Code   RO         3950    i.HAL_UARTEx_RxEventCallback  stm32f4xx_hal_uart.o
    0x080037fa   0x080037fa   0x00000002   Code   RO         3964    i.HAL_UART_ErrorCallback  stm32f4xx_hal_uart.o
    0x080037fc   0x080037fc   0x00000280   Code   RO         3967    i.HAL_UART_IRQHandler  stm32f4xx_hal_uart.o
    0x08003a7c   0x08003a7c   0x00000064   Code   RO         3968    i.HAL_UART_Init     stm32f4xx_hal_uart.o
    0x08003ae0   0x08003ae0   0x00000184   Code   RO          511    i.HAL_UART_MspInit  usart.o
    0x08003c64   0x08003c64   0x0000001c   Code   RO         3972    i.HAL_UART_Receive_DMA  stm32f4xx_hal_uart.o
    0x08003c80   0x08003c80   0x0000001c   Code   RO         3973    i.HAL_UART_Receive_IT  stm32f4xx_hal_uart.o
    0x08003c9c   0x08003c9c   0x000001fc   Code   RO           17    i.HAL_UART_RxCpltCallback  main.o
    0x08003e98   0x08003e98   0x00000002   Code   RO         3975    i.HAL_UART_RxHalfCpltCallback  stm32f4xx_hal_uart.o
    0x08003e9a   0x08003e9a   0x000000a0   Code   RO         3976    i.HAL_UART_Transmit  stm32f4xx_hal_uart.o
    0x08003f3a   0x08003f3a   0x00000002   Code   RO         3979    i.HAL_UART_TxCpltCallback  stm32f4xx_hal_uart.o
    0x08003f3c   0x08003f3c   0x000001f4   Code   RO           18    i.HandleAutoTurn    main.o
    0x08004130   0x08004130   0x00000002   Code   RO          564    i.HardFault_Handler  stm32f4xx_it.o
    0x08004132   0x08004132   0x0000002e   Code   RO         2552    i.I2C_IsAcknowledgeFailed  stm32f4xx_hal_i2c.o
    0x08004160   0x08004160   0x000000fc   Code   RO         2562    i.I2C_RequestMemoryRead  stm32f4xx_hal_i2c.o
    0x0800425c   0x0800425c   0x000000a8   Code   RO         2563    i.I2C_RequestMemoryWrite  stm32f4xx_hal_i2c.o
    0x08004304   0x08004304   0x00000056   Code   RO         2567    i.I2C_WaitOnBTFFlagUntilTimeout  stm32f4xx_hal_i2c.o
    0x0800435a   0x0800435a   0x00000002   PAD
    0x0800435c   0x0800435c   0x00000090   Code   RO         2568    i.I2C_WaitOnFlagUntilTimeout  stm32f4xx_hal_i2c.o
    0x080043ec   0x080043ec   0x000000bc   Code   RO         2569    i.I2C_WaitOnMasterAddressFlagUntilTimeout  stm32f4xx_hal_i2c.o
    0x080044a8   0x080044a8   0x00000070   Code   RO         2570    i.I2C_WaitOnRXNEFlagUntilTimeout  stm32f4xx_hal_i2c.o
    0x08004518   0x08004518   0x00000056   Code   RO         2571    i.I2C_WaitOnTXEFlagUntilTimeout  stm32f4xx_hal_i2c.o
    0x0800456e   0x0800456e   0x00000002   PAD
    0x08004570   0x08004570   0x00000110   Code   RO           19    i.MPU6500_Calibrate  main.o
    0x08004680   0x08004680   0x00000110   Code   RO           20    i.MPU6500_Init      main.o
    0x08004790   0x08004790   0x00000074   Code   RO           21    i.MPU6500_Read_All  main.o
    0x08004804   0x08004804   0x00000064   Code   RO          332    i.MX_ADC1_Init      adc.o
    0x08004868   0x08004868   0x0000005c   Code   RO          372    i.MX_DMA_Init       dma.o
    0x080048c4   0x080048c4   0x000000b0   Code   RO          306    i.MX_GPIO_Init      gpio.o
    0x08004974   0x08004974   0x00000040   Code   RO          398    i.MX_I2C1_Init      i2c.o
    0x080049b4   0x080049b4   0x00000064   Code   RO          443    i.MX_TIM2_Init      tim.o
    0x08004a18   0x08004a18   0x000000a0   Code   RO          444    i.MX_TIM3_Init      tim.o
    0x08004ab8   0x08004ab8   0x00000068   Code   RO          445    i.MX_TIM4_Init      tim.o
    0x08004b20   0x08004b20   0x00000038   Code   RO          512    i.MX_USART1_UART_Init  usart.o
    0x08004b58   0x08004b58   0x00000038   Code   RO          513    i.MX_USART6_UART_Init  usart.o
    0x08004b90   0x08004b90   0x00000002   Code   RO          565    i.MemManage_Handler  stm32f4xx_it.o
    0x08004b92   0x08004b92   0x00000002   Code   RO          566    i.NMI_Handler       stm32f4xx_it.o
    0x08004b94   0x08004b94   0x00000034   Code   RO          820    i.NormalizeAngle    pose_controller.o
    0x08004bc8   0x08004bc8   0x00000034   Code   RO          754    i.Odometry_GetPose  odometry.o
    0x08004bfc   0x08004bfc   0x00000012   Code   RO          755    i.Odometry_GetVelocity  odometry.o
    0x08004c0e   0x08004c0e   0x00000002   PAD
    0x08004c10   0x08004c10   0x0000002c   Code   RO          756    i.Odometry_Init     odometry.o
    0x08004c3c   0x08004c3c   0x0000015c   Code   RO          759    i.Odometry_Update   odometry.o
    0x08004d98   0x08004d98   0x0000005a   Code   RO           22    i.PID_Update        main.o
    0x08004df2   0x08004df2   0x00000002   Code   RO          567    i.PendSV_Handler    stm32f4xx_it.o
    0x08004df4   0x08004df4   0x0000001c   Code   RO          821    i.PoseController_Enable  pose_controller.o
    0x08004e10   0x08004e10   0x00000028   Code   RO          822    i.PoseController_Init  pose_controller.o
    0x08004e38   0x08004e38   0x00000078   Code   RO          823    i.PoseController_IsReached  pose_controller.o
    0x08004eb0   0x08004eb0   0x00000020   Code   RO          825    i.PoseController_SetTarget  pose_controller.o
    0x08004ed0   0x08004ed0   0x000002b4   Code   RO          826    i.PoseController_Update  pose_controller.o
    0x08005184   0x08005184   0x00000006   Code   RO          827    i.PoseController_UpdateCurrent  pose_controller.o
    0x0800518a   0x0800518a   0x00000002   PAD
    0x0800518c   0x0800518c   0x00000148   Code   RO           23    i.ProcessLidarData  main.o
    0x080052d4   0x080052d4   0x00000002   Code   RO          568    i.SVC_Handler       stm32f4xx_it.o
    0x080052d6   0x080052d6   0x00000002   PAD
    0x080052d8   0x080052d8   0x00000024   Code   RO          897    i.Safety_CheckWatchdog  safety.o
    0x080052fc   0x080052fc   0x0000001c   Code   RO          898    i.Safety_EmergencyStop  safety.o
    0x08005318   0x08005318   0x00000010   Code   RO          899    i.Safety_FeedWatchdog  safety.o
    0x08005328   0x08005328   0x0000001c   Code   RO          900    i.Safety_Init       safety.o
    0x08005344   0x08005344   0x0000002c   Code   RO          901    i.Safety_LimitPWM   safety.o
    0x08005370   0x08005370   0x00000018   Code   RO          903    i.Safety_Update     safety.o
    0x08005388   0x08005388   0x00000030   Code   RO           24    i.SendConnectionNotification  main.o
    0x080053b8   0x080053b8   0x00000080   Code   RO           25    i.SendLidarToBluetooth  main.o
    0x08005438   0x08005438   0x00000004   Code   RO          569    i.SysTick_Handler   stm32f4xx_it.o
    0x0800543c   0x0800543c   0x000000a0   Code   RO           27    i.SystemClock_Config  main.o
    0x080054dc   0x080054dc   0x00000010   Code   RO         4302    i.SystemInit        system_stm32f4xx.o
    0x080054ec   0x080054ec   0x000000d0   Code   RO         3060    i.TIM_Base_SetConfig  stm32f4xx_hal_tim.o
    0x080055bc   0x080055bc   0x0000001a   Code   RO         3061    i.TIM_CCxChannelCmd  stm32f4xx_hal_tim.o
    0x080055d6   0x080055d6   0x00000002   PAD
    0x080055d8   0x080055d8   0x00000060   Code   RO         3073    i.TIM_OC1_SetConfig  stm32f4xx_hal_tim.o
    0x08005638   0x08005638   0x0000006c   Code   RO         3074    i.TIM_OC2_SetConfig  stm32f4xx_hal_tim.o
    0x080056a4   0x080056a4   0x00000068   Code   RO         3075    i.TIM_OC3_SetConfig  stm32f4xx_hal_tim.o
    0x0800570c   0x0800570c   0x00000050   Code   RO         3076    i.TIM_OC4_SetConfig  stm32f4xx_hal_tim.o
    0x0800575c   0x0800575c   0x0000000e   Code   RO         3981    i.UART_DMAAbortOnError  stm32f4xx_hal_uart.o
    0x0800576a   0x0800576a   0x0000004a   Code   RO         3982    i.UART_DMAError     stm32f4xx_hal_uart.o
    0x080057b4   0x080057b4   0x00000086   Code   RO         3983    i.UART_DMAReceiveCplt  stm32f4xx_hal_uart.o
    0x0800583a   0x0800583a   0x0000001e   Code   RO         3985    i.UART_DMARxHalfCplt  stm32f4xx_hal_uart.o
    0x08005858   0x08005858   0x0000004e   Code   RO         3991    i.UART_EndRxTransfer  stm32f4xx_hal_uart.o
    0x080058a6   0x080058a6   0x0000001c   Code   RO         3992    i.UART_EndTxTransfer  stm32f4xx_hal_uart.o
    0x080058c2   0x080058c2   0x000000c2   Code   RO         3993    i.UART_Receive_IT   stm32f4xx_hal_uart.o
    0x08005984   0x08005984   0x0000010c   Code   RO         3994    i.UART_SetConfig    stm32f4xx_hal_uart.o
    0x08005a90   0x08005a90   0x000000a0   Code   RO         3995    i.UART_Start_Receive_DMA  stm32f4xx_hal_uart.o
    0x08005b30   0x08005b30   0x00000036   Code   RO         3996    i.UART_Start_Receive_IT  stm32f4xx_hal_uart.o
    0x08005b66   0x08005b66   0x00000072   Code   RO         3997    i.UART_WaitOnFlagUntilTimeout  stm32f4xx_hal_uart.o
    0x08005bd8   0x08005bd8   0x0000000c   Code   RO          570    i.USART1_IRQHandler  stm32f4xx_it.o
    0x08005be4   0x08005be4   0x0000006c   Code   RO           28    i.UpdateSpeedRamp   main.o
    0x08005c50   0x08005c50   0x00000002   Code   RO          571    i.UsageFault_Handler  stm32f4xx_it.o
    0x08005c52   0x08005c52   0x00000030   Code   RO         4603    i.__ARM_fpclassify  m_wm.l(fpclassify.o)
    0x08005c82   0x08005c82   0x00000026   Code   RO         4519    i.__ARM_fpclassifyf  m_wm.l(fpclassifyf.o)
    0x08005ca8   0x08005ca8   0x00000020   Code   RO         2108    i.__NVIC_SetPriority  stm32f4xx_hal_cortex.o
    0x08005cc8   0x08005cc8   0x000002ac   Code   RO         4418    i.__hardfp_atan2f   m_wm.l(atan2f.o)
    0x08005f74   0x08005f74   0x00000150   Code   RO         4430    i.__hardfp_cosf     m_wm.l(cosf.o)
    0x080060c4   0x080060c4   0x00000048   Code   RO         4478    i.__hardfp_fmaxf    m_wm.l(fmaxf.o)
    0x0800610c   0x0800610c   0x00000048   Code   RO         4482    i.__hardfp_fminf    m_wm.l(fminf.o)
    0x08006154   0x08006154   0x000000b0   Code   RO         4442    i.__hardfp_fmodf    m_wm.l(fmodf.o)
    0x08006204   0x08006204   0x00000190   Code   RO         4454    i.__hardfp_sinf     m_wm.l(sinf.o)
    0x08006394   0x08006394   0x0000003a   Code   RO         4466    i.__hardfp_sqrtf    m_wm.l(sqrtf.o)
    0x080063ce   0x080063ce   0x00000006   Code   RO         4522    i.__mathlib_flt_infnan  m_wm.l(funder.o)
    0x080063d4   0x080063d4   0x00000006   Code   RO         4523    i.__mathlib_flt_infnan2  m_wm.l(funder.o)
    0x080063da   0x080063da   0x00000002   PAD
    0x080063dc   0x080063dc   0x00000010   Code   RO         4524    i.__mathlib_flt_invalid  m_wm.l(funder.o)
    0x080063ec   0x080063ec   0x00000010   Code   RO         4527    i.__mathlib_flt_underflow  m_wm.l(funder.o)
    0x080063fc   0x080063fc   0x00000154   Code   RO         4535    i.__mathlib_rredf2  m_wm.l(rredf.o)
    0x08006550   0x08006550   0x0000000e   Code   RO         4381    i._is_digit         c_w.l(__printf_wp.o)
    0x0800655e   0x0800655e   0x00000002   PAD
    0x08006560   0x08006560   0x000007b0   Code   RO           29    i.main              main.o
    0x08006d10   0x08006d10   0x0000002c   Code   RO         4597    locale$$code        c_w.l(lc_numeric_c.o)
    0x08006d3c   0x08006d3c   0x00000062   Code   RO         4408    x$fpl$d2f           fz_wm.l(d2f.o)
    0x08006d9e   0x08006d9e   0x00000002   PAD
    0x08006da0   0x08006da0   0x000002b0   Code   RO         4411    x$fpl$ddiv          fz_wm.l(ddiv.o)
    0x08007050   0x08007050   0x0000009c   Code   RO         4504    x$fpl$dnaninf       fz_wm.l(dnaninf.o)
    0x080070ec   0x080070ec   0x0000000c   Code   RO         4506    x$fpl$dretinf       fz_wm.l(dretinf.o)
    0x080070f8   0x080070f8   0x00000056   Code   RO         4414    x$fpl$f2d           fz_wm.l(f2d.o)
    0x0800714e   0x0800714e   0x00000002   PAD
    0x08007150   0x08007150   0x00000052   Code   RO         4508    x$fpl$fcmp4         fz_wm.l(fcmp4.o)
    0x080071a2   0x080071a2   0x00000018   Code   RO         4599    x$fpl$fcmpinf       fz_wm.l(fcmpi.o)
    0x080071ba   0x080071ba   0x0000008c   Code   RO         4512    x$fpl$fnaninf       fz_wm.l(fnaninf.o)
    0x08007246   0x08007246   0x0000000a   Code   RO         4679    x$fpl$fpinit        fz_wm.l(fpinit.o)
    0x08007250   0x08007250   0x000000f4   Code   RO         4514    x$fpl$frem          fz_wm.l(frem_clz.o)
    0x08007344   0x08007344   0x0000000a   Code   RO         4516    x$fpl$fretinf       fz_wm.l(fretinf.o)
    0x0800734e   0x0800734e   0x00000004   Code   RO         4416    x$fpl$printf1       fz_wm.l(printf1.o)
    0x08007352   0x08007352   0x00000000   Code   RO         4518    x$fpl$usenofp       fz_wm.l(usenofp.o)
    0x08007352   0x08007352   0x00000002   PAD
    0x08007354   0x08007354   0x00000010   Data   RO          761    .constdata          odometry.o
    0x08007364   0x08007364   0x00000028   Data   RO          829    .constdata          pose_controller.o
    0x0800738c   0x0800738c   0x00000014   Data   RO          905    .constdata          safety.o
    0x080073a0   0x080073a0   0x00000008   Data   RO         1804    .constdata          stm32f4xx_hal_dma.o
    0x080073a8   0x080073a8   0x00000010   Data   RO         4303    .constdata          system_stm32f4xx.o
    0x080073b8   0x080073b8   0x00000008   Data   RO         4304    .constdata          system_stm32f4xx.o
    0x080073c0   0x080073c0   0x00000028   Data   RO         4354    .constdata          c_w.l(_printf_hex_int.o)
    0x080073e8   0x080073e8   0x00000011   Data   RO         4389    .constdata          c_w.l(__printf_flags_ss_wp.o)
    0x080073f9   0x080073f9   0x00000003   PAD
    0x080073fc   0x080073fc   0x00000020   Data   RO         4536    .constdata          m_wm.l(rredf.o)
    0x0800741c   0x0800741c   0x00000094   Data   RO         4572    .constdata          c_w.l(bigflt0.o)
    0x080074b0   0x080074b0   0x000000a5   Data   RO           31    .conststring        main.o
    0x08007555   0x08007555   0x00000003   PAD
    0x08007558   0x08007558   0x00000020   Data   RO         4750    Region$$Table       anon$$obj.o
    0x08007578   0x08007578   0x0000001c   Data   RO         4596    locale$$data        c_w.l(lc_numeric_c.o)


    Execution Region RW_IRAM1 (Exec base: 0x20000000, Load base: 0x08007594, Size: 0x00000e40, Max: 0x00020000, ABSOLUTE)

    Exec Addr    Load Addr    Size         Type   Attr      Idx    E Section Name        Object

    0x20000000   0x08007594   0x00000114   Data   RW           32    .data               main.o
    0x20000114   0x080076a8   0x0000000c   Data   RW         2267    .data               stm32f4xx_hal.o
    0x20000120   0x080076b4   0x00000004   Data   RW         4305    .data               system_stm32f4xx.o
    0x20000124        -       0x000002ec   Zero   RW           30    .bss                main.o
    0x20000410        -       0x00000048   Zero   RW          333    .bss                adc.o
    0x20000458        -       0x00000054   Zero   RW          399    .bss                i2c.o
    0x200004ac        -       0x000000d8   Zero   RW          446    .bss                tim.o
    0x20000584        -       0x00000210   Zero   RW          514    .bss                usart.o
    0x20000794        -       0x00000010   Zero   RW          760    .bss                odometry.o
    0x200007a4        -       0x00000028   Zero   RW          828    .bss                pose_controller.o
    0x200007cc        -       0x00000014   Zero   RW          904    .bss                safety.o
    0x200007e0        -       0x00000060   Zero   RW         4606    .bss                c_w.l(libspace.o)
    0x20000840        -       0x00000200   Zero   RW            2    HEAP                startup_stm32f446xx.o
    0x20000a40        -       0x00000400   Zero   RW            1    STACK               startup_stm32f446xx.o


==============================================================================

Image component sizes


      Code (inc. data)   RO Data    RW Data    ZI Data      Debug   Object Name

       196         24          0          0         72       1669   adc.o
       494          8          0          0          0       5797   comm_protocol.o
        92          4          0          0          0        782   dma.o
       176         12          0          0          0        967   gpio.o
       172         28          0          0         84       1645   i2c.o
      5182        892        165        276        748     758151   main.o
       462         48         16          0         16       4162   odometry.o
      1002         82         40          0         40       7773   pose_controller.o
       176         20         20          0         20       4540   safety.o
        64         26        452          0       1536        828   startup_stm32f446xx.o
       180         28          0         12          0       9205   stm32f4xx_hal.o
       736         34          0          0          0       2855   stm32f4xx_hal_adc.o
       198         14          0          0          0      33779   stm32f4xx_hal_cortex.o
      1084         16          8          0          0       7274   stm32f4xx_hal_dma.o
       486         40          0          0          0       2160   stm32f4xx_hal_gpio.o
      2294         52          0          0          0      13114   stm32f4xx_hal_i2c.o
        52          4          0          0          0        850   stm32f4xx_hal_msp.o
       112         14          0          0          0       1272   stm32f4xx_hal_pwr_ex.o
       372         44          0          0          0       2878   stm32f4xx_hal_rcc.o
      1068         28          0          0          0       2790   stm32f4xx_hal_rcc_ex.o
      1422        108          0          0          0      10309   stm32f4xx_hal_tim.o
       144         28          0          0          0       1360   stm32f4xx_hal_tim_ex.o
      2112         28          0          0          0      16078   stm32f4xx_hal_uart.o
        80         30          0          0          0       6434   stm32f4xx_it.o
        16          4         24          4          0       1103   system_stm32f4xx.o
       692         64          0          0        216       4423   tim.o
       500         50          0          0        528       2755   usart.o

    ----------------------------------------------------------------------
     19594       1730        760        292       3260     904953   Object Totals
         0          0         32          0          0          0   (incl. Generated)
        30          0          3          0          0          0   (incl. Padding)

    ----------------------------------------------------------------------

      Code (inc. data)   RO Data    RW Data    ZI Data      Debug   Library Member Name

        56          6          0          0          0         88   __2snprintf.o
         8          0          0          0          0         68   __main.o
       392          4         17          0          0         92   __printf_flags_ss_wp.o
        14          0          0          0          0         68   __printf_wp.o
         0          0          0          0          0          0   __rtentry.o
        12          0          0          0          0          0   __rtentry2.o
         6          0          0          0          0          0   __rtentry4.o
        52          8          0          0          0          0   __scatter.o
        26          0          0          0          0          0   __scatter_copy.o
        28          0          0          0          0          0   __scatter_zi.o
        48          6          0          0          0         96   _printf_char_common.o
         6          0          0          0          0          0   _printf_d.o
       120         16          0          0          0         92   _printf_dec.o
         6          0          0          0          0          0   _printf_f.o
      1054          0          0          0          0        216   _printf_fp_dec.o
       128         16          0          0          0         84   _printf_fp_infnan.o
        88          4         40          0          0         88   _printf_hex_int.o
       178          0          0          0          0         88   _printf_intcommon.o
        78          0          0          0          0        108   _printf_pad.o
         0          0          0          0          0          0   _printf_percent.o
         4          0          0          0          0          0   _printf_percent_end.o
         6          0          0          0          0          0   _printf_u.o
         6          0          0          0          0          0   _printf_x.o
        22          0          0          0          0        100   _rserrno.o
        16          0          0          0          0         68   _snputc.o
        10          0          0          0          0         68   _sputc.o
       228          4        148          0          0         96   bigflt0.o
      1936        128          0          0          0        672   btod.o
        18          0          0          0          0         80   exit.o
         6          0          0          0          0        152   heapauxi.o
         0          0          0          0          0          0   indicate_semi.o
        44         10         28          0          0         76   lc_numeric_c.o
         2          0          0          0          0          0   libinit.o
        22          0          0          0          0          0   libinit2.o
         2          0          0          0          0          0   libshutdown.o
         2          0          0          0          0          0   libshutdown2.o
         8          4          0          0         96         68   libspace.o
       138          0          0          0          0         80   lludiv10.o
       238          0          0          0          0        100   lludivv7m.o
         8          4          0          0          0         68   rt_errno_addr_intlibspace.o
         8          4          0          0          0         68   rt_locale_intlibspace.o
        78          0          0          0          0         80   rt_memclr_w.o
       138          0          0          0          0         68   rt_memcpy_v6.o
       100          0          0          0          0         80   rt_memcpy_w.o
         2          0          0          0          0          0   rtexit.o
        10          0          0          0          0          0   rtexit2.o
       128          0          0          0          0         68   strcmpv7m.o
        62          0          0          0          0         76   strlen.o
        12          4          0          0          0         68   sys_exit.o
        74          0          0          0          0         80   sys_stackheap_outer.o
         2          0          0          0          0         68   use_no_semi.o
        98          4          0          0          0        140   d2f.o
       688        140          0          0          0        256   ddiv.o
       156          4          0          0          0        140   dnaninf.o
        12          0          0          0          0        116   dretinf.o
        86          4          0          0          0        132   f2d.o
        82          4          0          0          0        160   fcmp4.o
        24          0          0          0          0        116   fcmpi.o
       140          4          0          0          0        132   fnaninf.o
        10          0          0          0          0        116   fpinit.o
       244          8          0          0          0        132   frem_clz.o
        10          0          0          0          0        116   fretinf.o
         4          0          0          0          0        116   printf1.o
         0          0          0          0          0          0   usenofp.o
       684         90          0          0          0        208   atan2f.o
       336         56          0          0          0        136   cosf.o
        72          0          0          0          0        148   fmaxf.o
        72          0          0          0          0        148   fminf.o
       176          0          0          0          0        168   fmodf.o
        48          0          0          0          0        124   fpclassify.o
        38          0          0          0          0        116   fpclassifyf.o
        44         12          0          0          0        464   funder.o
       340         24         32          0          0        160   rredf.o
       400         56          0          0          0        212   sinf.o
        58          0          0          0          0        136   sqrtf.o

    ----------------------------------------------------------------------
      9478        624        268          0         96       7064   Library Totals
        26          0          3          0          0          0   (incl. Padding)

    ----------------------------------------------------------------------

      Code (inc. data)   RO Data    RW Data    ZI Data      Debug   Library Name

      5630        218        233          0         96       3372   c_w.l
      1554        168          0          0          0       1672   fz_wm.l
      2268        238         32          0          0       2020   m_wm.l

    ----------------------------------------------------------------------
      9478        624        268          0         96       7064   Library Totals

    ----------------------------------------------------------------------

==============================================================================


      Code (inc. data)   RO Data    RW Data    ZI Data      Debug   

     29072       2354       1028        292       3356     894545   Grand Totals
     29072       2354       1028        292       3356     894545   ELF Image Totals
     29072       2354       1028        292          0          0   ROM Totals

==============================================================================

    Total RO  Size (Code + RO Data)                30100 (  29.39kB)
    Total RW  Size (RW Data + ZI Data)              3648 (   3.56kB)
    Total ROM Size (Code + RO Data + RW Data)      30392 (  29.68kB)

==============================================================================

